Gg, Gg, Gg, Gg, Gg, Gg, Rd, Rd, Ww, Wo, Wo, Wo, Ww, Ww, Ww, Gg, Gg, Gg, Gs^Fms, Gs^Fms, Gs^Fds, Gs^Fms, Gs^Fms, Gs^Fds, Gs^Fms, Gg, Gs^Fds, Gg, Gs^Fds, Gs^Fds, Gs, Gs, Gs, Re, Gg, Gg, Gg, Gg
Gg, Gg, Gg, Gg, Gs^Em, Gg, Gg, Ds, Ww, Ww, Wo, Wo, Ww, Ww, Ww, Gg, Gg, Gg, Gg, Gs^Fms, Gg^Em, Gs^Fms, Rb^Gvs, Gs^Fds, Gs^Fms, Gs^Fms, Gs^Fms, Gs^Fms, Gs^Fds, Gs^Fds, Gd^Vh, Rb^Gvs, Rb^Gvs, 1 Re, Gg, Gg, Gs^Fms, Gg
Gg, Gg, Gs^Fms, Gll^Fp, Gs^Fds, Gll^Fp, Gg, Gg, Ds, Ww, Wo, Wo, Ww, Ww, Ww, Gg, Gg, Gg, Gs, Gg^Em, Gs^Fms, Rb^Gvs, Rb^Gvs, Gs^Fms, Gs^Fds, Gs^Fms, Gs^Fms, Gs^Fds, Gs^Fms, Gs^Fds, Rb^Gvs, Rb^Gvs, Re, Re, Gg, Gg^Em, Gs^Fms, Gs^Fms
Gg, Gg, Gg^Em, Gll^Fp, Gs^Em, Gs^Em, Gg, Gg, Gg, Ds, Ww, Wo, Wo, Ww, Ww, Ww, Gg^Edb, Gs, Gs^Edb, Gg, Gs^Fds, Gs^Fds, Rb^Gvs, Rb^Gvs, Rb^Gvs, Gs^Fds, Gs^Fms, Gs^Fds, Gs^Fds, Gs^Fds, Gs, Rb^Gvs, Re, Gg, Gg, Gs^Fds, Gs^Fds, Gs^Fds
Gg, Gg, Gg, Gs^Fms, Gs^Eff, Gs^Eff, Gg^Eff, Gg, Gg, Ds, Ww, Ww, Wo^Edt, Wo, Wo, Ww, Ww^Bw/r, Gs^Edb, Gg^Edb, Gg, Gg^Em, Rb^Gvs, Rb^Gvs, Gd^Vh, Re^Edb, Rb^Gvs, Gs, Gs^Em, Gs, Gs, Gs, Gs, Re, Gg, Gg^Em, Gs^Fds, Gs^Fms, Gs^Fms
Gs, Gs, Gs, Gs^Eff, Rb^Gvs, Rb^Gvs, Rb^Gvs, Gs^Edb, Gs^Edb, Gg, Ds, Ww, Ww, Ww^Edt, Ww^Bw/r, Ww^Bw/r, Ww, Ww, Wwf, Gg, Gg, Gg, Gs, Rb^Gvs, Gg^Edb, Gs^Edb, Gs^Fds, Gs, Gs, Gs, Gs, Gs, Re, Gg, Gs^Fms, Gs^Fms, Gs^Fds, Gs^Fms
Re, 3 Re, Re, Re, Re, Rb^Gvs, Rb^Gvs, Gd^Vh, Rb^Gvs, Gg, Gg, Ds, Ww^Bw/r, Ww^Bw/r, Ww, Ww^Edt, Wo^Es, Ww, Ww, Wwf, Ww, Gs, Gs^Edb, Gs, Gg, Gg, Gg, Gg, Gs, Gs, Gs, Re, Gs, Gg, Gs^Fds, Gs^Fms, Gs^Fds, Gs^Fds
Gg, Gs, Gs, Gs, Gs, Re, Re, Rb^Gvs, Rb^Gvs, Gs^Fds, Gs, Gs^Edb, Gs^Edb, Ww, Ww, Wo^Es, Ww, Ww, Ww^Es, Ww, Ww^Edt, Wwf, Wwf, Ww, Ww, Gg, Gg, Gg, Gs, Gs, Gs, Re, Gs, Gs^Edb, Gs^Fms, Gs^Fms, Gs^Fms, Gs^Fms
Gg, Gg^Em, Gs^Fms, Gs^Fms, Gs^Edb, Gs^Eff, Gs^Eff, Re, Re, Rb^Gvs, Gs, Gg^Edb, Gg^Edb, Ds, Ds, Ww, Wwf, Ww, Ww, Wo^Edt, Ww^Edt, Ww, Ww, Ww, Wo, Ww, Ww, Gg, Gg, Gs, Gg, Re, Rb^Gvs, Rb^Gvs, Rb^Gvs, Gs^Fds, Gs^Fms, Gs^Fds
Gs^Fms, Gs^Fms, Gs^Fms, Gs^Fms, Gd^Vh, Rb^Gvs, Rb^Gvs, Rb^Gvs, Re, Gs, Gs, Gg, Ch, Gs, Gs, Ds, Re, Wwf, Ww, Wo, Ww^Es, Ww, Ww^Edt, Wo^Edt, Wo, Ww, Ww, Ww, Gs, Gg, Re, Re^Vh, Re, Re^Edb, Rb^Gvs, Gs^Fds, Gs^Fms, Gs^Fds
Gs^Fds, Gs^Fms, Gs^Fms, Gs^Fms, Gs^Fms, Rb^Gvs, Rb^Gvs, Rb^Gvs, Rb^Gvs, Re, Rr, Ch, Rp, Gs, Re^Vh, Re^Edt, Re^Edt, Ce, Ce, Wwf, Ds, Wwf^Es, Ce, Ww^Edt, Ww, Wo, Wo^Edt, Ww, Ww^Bw/, Re, Gg, Gg, Re, Rb^Gvs, Rb^Gvs, Gs^Fms, Rb^Gvs, Gs^Fds
Gs^Fms, Gll^Fp, Gg, Gs^Fms, Gs^Fms, Rb^Gvs, Rb^Gvs, Rb^Gvs, Ch, Ch, Rr, Rr, Rp^Vhc, Re, Rp, Re^Edt, Re, Re, Re, Ds, Re^Edt, Ce, Re^Edb, Re^Edb, Ww, Ww^Edt, Ww^Bw/r, Ww^Bw/r, Ww, Gs, Gg, Gg, Re, Rb^Gvs, Rb^Gvs, Rb^Gvs, Rb^Gvs, Rb^Gvs
Gs^Fds, Gs^Fms, Gg, Gs^Fds, Gs^Fds, Gs^Fms, Re, Re, Re, Re, Re, Rr, Rr, Rp, Rr, Rp^Vh, Rr, Re, Re, Re^Vh, Re^Edt, Re^Edt, Re, Ch, Rr, Ww^Bw/, Ww, Wo^Edt, Wo, Ww, Gg, Gg, Re, Gs^Eff, Gs^Eff, Rb^Gvs, Gs^Eff, Gs^Eff
Gg, Gs^Fms, Gs^Fms, Gg, Gg, Gg, Gg, Gg, Ch, Re, Re^Vh, Rr, Re^Edt, Rr^Ebn, Rp, Rp, Ch, Ch, Ch, Rr, Rp, Rr, Rr, Rr, Ch, Ww, Wo, Wo^Edt, Ww, Ww, Gg, Gg, Re, Gg, Gs, Gs^Eff, Gs, Gs
Gg, Gg, Gg, Gg, Gg, Gg, Gg, Gg, Ch, Re^Edt, Re, Re, Rp, Rr, Rr^Vhc, Rr, Ch, 4 Kh, Ch, Rr, Rp, Re^Vhc, Re^Edt, Re, Re, Ww, Ww, Wo, Ww, Wwt, Gg, Gg, Re, Gg, Gg^Eff, Gs^Eff, Gg^Eff, Gs
Gg, Gg, Gg, Gg, Hh, Hh, Gs, Gg, Gs, Ch, Re, Re, Re, Rr, Rp, Rr, Rr, Ch, Rr, Rp, Rr, Rr^Ebn, Re^Edt, Re^Edt, Ch, Wwt, Wo, Wo, Ww, Ww, Gg, Gg, Re, Gg, Rb^Gvs, Rb^Gvs, Rb^Gvs, Gg^Eff
Gg, Gg, Gs, Gs, Hhd, Hh^Vhh, Hh, Gs, Gs^Edb, Gs, Gs, Ch, Re, Re^Vh, Re^Vh, Rp, Re, Rr, Rr, Rr^Vhc, Rp, Re, Rp^Vhc, Re, Ch, Wwt, Wo, Wo, Wwt, Gg, Gs, Gs, Re, Gs, Gs^Vh, Rb^Gvs, Rb^Gvs, Rb^Gvs
Hh^Fp, Hh^Fp, Hh^Fp, Gg, Re, Re, Re, Re, Gs^Edb, Gg^Edb, Gs, Ch, Ch, Re, Re^Edt, Re^Edt, Re^Edt, Rr, Rr, Rp, Rp, Rp, Re, Re, Wwt, Ww, Wo, Wo, Ww, Gg, Re, Re, Ce, Re, Rb^Gvs, Rb^Gvs, Rb^Gvs, Rb^Gvs
Hh^Fp, Hh^Fp, Hh^Fp, Hh, Gs, Gs, Gs, Gs, Gs, Gs^Edb, Rb^Gvs, Gs, Gs, Re, Re^Edb, Ch, Ch, Rr, Ch, Rp, Ch, Ch, Re, Re, Ww, Ww, Wo, Ww, Ww, Ww, Re, Ce, Ce^Ecf, Ce, Rb^Gvs, Rb^Gvs, Rb^Gvs, Gs^Fds
Mm, Mm, Mm, Hh^Fp, Hh, Hh, Hh, Hh, Hh, Rb^Gvs, Rb^Gvs, Rb^Gvs, Gs, Gs^Edb, Gs, Gs^Edb, Gs, Re, Re, Re, Gs^Edb, Rb, Gg, Gg, Ww, Wo, Ww, Ww, Ww, Gg, Gg, Re^Edt, Re^Edt, Re^Edt, Gg, Rb^Gvs, Gs^Fds, Gs^Fds
Hh, Mm, Hh, Hh, Hhd, Hh^Fp, Hh, Hh, Gs, Rb^Gvs, Gs^Edb, Gs^Vh, Rb^Gvs, Rb^Gvs, Rb^Gvs, Gs, Gs^Edb, Re, Re, Gs^Edb, Gs^Edb, Gg, Gs^Fds, Ww, Ww, Wo, Ww, Wwt, Dd, Gg, Gs^Vc, Re^Edt, Gs, Gg, Gs^Fds, Gs^Fds, Gs^Fds, Gs^Fds
Hh^Fp, Hh^Fp, Hhd, Hh^Vhh, Re, Hhd, Hhd, Hh, Hh, Gs^Edb, Gs^Edb, Rb^Gvs, Rb^Gvs, Rb^Gvs, Re^Eff, Rb^Gvs, Re^Edb, Re^Edb, Rb^Gvs, Rb^Gvs, Gs^Fds, Gg, Gg, Ww, Ww, Ww, Wo, Wwt, Dd, Gg, Gg, Re, Gs, Gs^Wm, Re^Gvs, Re^Gvs, Re^Gvs, Gs^Fds
Mm, Hh^Fp, Hh, Hhd, Re, Hhd, Re, Hhd, Gs^Es, Hh, Gs, Rb^Gvs, Rb^Gvs, Re^Eff, Re, Re^Edb, Rb^Gvs, Rb^Gvs, Rb^Gvs, Rb^Gvs, Gs^Fds, Gs^Fds, Ww, Ww, Ww, Ww, Wwt, Wwt, Gg, Gs^Fds, Gg, Re, Re, Gs, Re^Gvs, Re^Gvs, Re^Gvs, Re^Gvs
Hh, Hh, Hh, Gs^Es, Gs^Es, Re, Gs, Re, Re, Re, Gg, Gs^Edb, Gg^Edb, Re, Rb^Gvs, Rb^Gvs, Gs^Vl, Rb^Gvs, Rb^Gvs, Gs^Fds, Gs^Fds, Gg, Ww, Ww^Ewl, Ww, Ww, Wwt, Gg, Gs^Fds, Gs^Fds, Gg, Gg, Re, Re^Gvs, Re^Gvs, Re^Gvs, Re^Gvs, Re^Gvs
Hh, Hh^Fp, Hh^Fp, Hh, Hhd, Hhd, Hhd, Gs^Es, Gg^Eff, Gs^Es, Gg^Efm, Gg^Edb, Gg, Re, Gs, Rb^Gvs, Rb^Gvs, Rb^Gvs, Gs^Fms, Gs^Fds, Gs^Fds, Gg, Ww, Wo, Wo, Wwt, Ds, Gg, Gs^Fds, Gs^Fds, Gs^Fms, Gg, Re, Gs^Vh, Re^Gvs, Re^Gvs, Gs^Fms, Re^Gvs
Hh, Hh^Fp, Hh, Hh, Gs^Es, Hh, Rb^Gvs, Rb^Gvs, Rb^Gvs, Gg^Eff, Gg^Eff, Gg^Efm, Gg, Re^Edb, Gs^Eff, Rb^Gvs, Rb^Gvs, Gs^Fds, Gs^Fms, Gs^Fms, Gs^Fds, Gs^Fds, Ww, Wo, Ww, Wwt, Ds, Gg, Gs^Fds, Gs^Fds, Gg, Gg, Gg, Re, Gg^Eff, Gs^Fms, Gs^Fms, Gs^Fms
Hh, Hh, Hh, Gs^Es, Gs, Hh, Rb^Gvs, Rb^Gvs, Rb^Gvs, Rb^Gvs, Rb^Gvs, Gg^Eff, Re^Eff, Re, Gs^Vl, Gg^Eff, Gg^Em, Gs^Fds, Gs^Fds, Gs^Fds, Gg, Ww, Ww, Ww, Ww, Wwf, Gs^Fds, Gg, Gg, Gg, Gg, Gg, Gg, Re, Gg, Gg^Eff, Rb^Gvs, Gs^Fms
Hh, Hh, Gs^Es, Gs, Rb^Gvs, Rb^Gvs, Rb^Gvs, Gs^Vh, Rb^Gvs, Rb^Gvs, Gs^Eff, Gg^Eff, Re, Gs, Gg^Efm, Gg^Efm, Gs^Fds, Gs^Fms, Gg, Gg, Ww, Ww, Ww, Wwt, Wwf, Gg, Gg, Gs^Fds, Gs^Fds, Gs^Fds, Rb^Gvs, Gg, Re, Re, Gs^Wm, Rb^Gvs, Rb^Gvs, Gg
Hh^Fp, Hh, Hh, Hh, Hh, Rb^Gvs, Rb^Gvs, Gs, Gs, Gs, Re, Re, Gs, Gs, Gg^Efm, Gg^Efm, Gs^Fds, Gs^Fds, Gs^Fds, Wwf, Ww, Wo, Ww, Wwf, Ds, Ds, Gg^Em, Gs^Fds, Gs^Fds, Rb^Gvs, Rb^Gvs, Rb^Gvs, Re, Gs, Rb^Gvs, Rb^Gvs, Rb^Gvs, Gg
Hh, Hh^Fp, Hh, Hh, Hh, Rb^Gvs, Gs, Gs, Re, Re, Ce, Re, Re, Gg, Gg, Gg, Gs^Fms, Gs^Fms, Gg, Ww, Wo, Wo, Wwt, Wwf, Ds, Gg, Gg, Gs^Fms, Rb^Gvs, Rb^Gvs, Rb^Gvs, Gs, Re, Gg, Gg, Rb^Gvs, Gs^Fms, Gg
Hh, Hh, Gs, Hh, Gs, Hh, Gs, Re, Ce^Ecf, Ce, Ke, Ce, Ce^Ecf, Re, Gg, Gs^Fds, Gs^Fms, Gg, Wwf, Ww, Wo, Ww, Wwt, Ds, Gg^Em, Gs^Fds, Gs^Fds, Gg, Rb^Gvs, Gs^Vh, Gs, Gs, Re, Gg, Gg, Gs^Fms, Gg^Em, Gs^Fds
Gg, Gs, Gg, Gs, Gg, Gg, Gg, Re, Re^Vct, Ce, Ce, Ce, Re^Vct, Re, Gg, Gs^Fds, Gg, Gs^Fms, Ww, Ww, Ww, Wwt, Gg, Gs^Fds, Gs^Fds, Gs^Fds, Gs^Fds, Gg, Rb^Gvs, Rb^Gvs, Gg^Eff, Re, Gg, Gg, Gg^Eff, Gg^Eff, Rb^Gvs, Gg
Gg, Gg, Gg, Gg, Rb^Gvs, Gg, Gg, Gs, Gs, Re^Vct, Re, Re^Vct, Re^Vct, Gg, Rb^Gvs, Gg, Gg, Gg, Ww, Ww^Ewl, Ww, Wwf, Gg, Gs^Fds, Gs^Fms, Gs^Fms, Gs^Fms, Gs^Fms, Gs, Gg^Eff, Gg, Re, Gg, Gg, Rb^Gvs, Rb^Gvs, Rb^Gvs, Rb^Gvs
Gg, Gg, Gs^Vh, Rb^Gvs, Rb^Gvs, Rb^Gvs, Gs, Re^Vct, Re, Re, 2 Ce, Gs, Rb^Gvs, Rb^Gvs, Rb^Gvs, Rb^Gvs, Rb, Wwf, Ww, Ww, Wwf, Ds, Gg, Gs^Fds, Gs^Fms, Gg^Em, Gg, Gs, Gs, Gg, Gg, Re, Gs, Gs, Rb^Gvs, Rb^Gvs, Rb^Gvs, Rb^Gvs
Gg, Gg, Rb^Gvs, Rb^Gvs, Rb^Gvs, Rb^Gvs, Gs, Gs, Re, Ce, Ce, Ce, Rb^Gvs, Rb^Gvs, Rb^Gvs, Gg, Wwf, Ww, Wo, Ww, Wwf, Ds, Gg, Gg, Gg, Gg, Gg, Gs, Gg, Gg^Vc, Re, Re, Gg, Gs, Gg, Gs^Vh, Rb^Gvs, Rb^Gvs
Gg, Gg, Gg, Rb^Gvs, Rb^Gvs, Rb^Gvs, Gg, Re, Gs, Re, Gg, Gg^Efm, Gg^Efm, Rb^Gvs, Gg, Gg, Wwf, Ww, Wo, Ww, Ds, Ds, Gg, Gg, Gg, Gg, Gg, Gg, Gg, Gg, Re, Gg, Gs^Fds, Gg^Em, Rb^Gvs, Rb^Gvs, Rb^Gvs, Gs^Fds
Gg, Gg, Gg, Gg, Gg, Gg, Gg, Re, Gg, Gs, Gg, Gg^Efm, Gg, Gg, Gg, Gg, Wwf, Wo, Wo, Ww, Gg, Gg, Gg, Gg, Gg, Gg, Gg, Gg, Gg, Re, Gg, Gg, Gs^Fds, Gs^Fds, Gg, Rb^Gvs, Gg, Gs^Fds
