Gs^Fms, Gs^Fms, Gs, Gs^Fds, Gs^Fds, Gs^Fds, Gs^Fds, Gs^Fds, Gs^Fds, Gs^Fds, Gs^Fms, Gs^Fms, Ww, Wo, Gs^Qhhf, Gs^Fms, Gs^Fms, Gs^Fds, Gs^Fds, Gs^Fds, Gs^Fds, Gs^Fds, Gs^Fds, Gs^Fms, Gg, Gg, Gg, Gg, Gg, Gg, Gg, Gg, Gg^Efm, Gs, Gg, Rp, Gg, Gg, Hh, Hh, Hh, Hh, Hh, Hh, Hh, Hh, Hh, Rb, Rb^Gvs, Rb^Gvs, Rb^Gvs, Rb, Rb^Gvs
Gs^Fms, Gs^Fms, Gg^Ve, Gs^Fds, Gs^Fms, Gs^Fds, Gs^Fds, Gs^Fds, Gs^Fds, Gs^Fms, Gs^Fms, Gs^Fms, Gs^Fds, Wo, Wwr, Gs^Qhhf, Gs^Qhhf, Gs^Fds, Gg^Ve, Gs^Fds, Gs^Fms, Gs^Fms, Gs^Fms, Gs^Fms, Gg, Gg, Gg, Rd, Rd, Gg, Gg, Gg^Efm, Gg^Efm, Gg, Rp^_mh, Rp^_mh, Gg, Gg, Gg, Hh, Gs^Fds, Hh^Fds, Gs^Fds, Hh^Fds, Hh, Hh, Rb^Gvs, Rb^Gvs, Rb^Gvs, Rb^Gvs, Gs^Vwm, Rb^Gvs, Rb^Gvs
Ww, Gll^Fp, Gs, Gs^Fms, Ww, Ww, Ww, Ww, Ww, Gll^Fp, Gll^Fp, Gs^Fms, Gg^Fet, Gs^Fds, Ww, Wo, Gs^Qhhf, Gs^Fms, Gs^Fds, Gll^Fp, Gs^Fms, Gs^Fms, Gs^Fds, Gs^Fds, Gg, Gg, Gg, Gg, Rd, Rd, Gg, Gs^Vc, Gg, Gg, Rp, Gg, Gs, Gg, Gg, Hh, Gg, Gs^Fds, Gg, Hh^Fds, Gs^Fds, Hh, Gg^Eff, Gs^Vh, Re, Re, Re, Rb^Gvs, Rb^Gvs
Gll^Fp, Ww, Ww, Ww^Bw\, Gs, Gs^Fds, Gs^Fds, Gs^Fds, Gs^Fms, Ww, Gs^Fds, Gs^Fms, Gs^Fds, Gs^Fms, Gs^Fds, Wo, Wwr, Gs^Qhhf, Gs^Fds, Gll^Fp, Gs^Fds, Gs^Fms, Gs^Fms, Gg, Gg, Gg, Gs^Fds, Gg, Gg, Rd, Gg^Efm, Gg, Rp, Rp, Gg, Gg, Gs, Gs^Vc, Gg, Gg, Gg^Efm, Gg^Efm, Gg^Efm, Gg, Gg, Gg, Gg^Efm, Gg^Eff, Re, Re, Rb^Gvs, Gs^Vh, Rb^Gvs
Gs^Fms, Gs^Fds, Gs^Fds, Gs^Fms, Gs^Fds, 4 Ke, Ce, Gs^Fds, Gs^Fds, Ww, Gs^Fds, Gs^Fds, Gs^Fds, Ww, Wo, Wo, Gs^Qhhf, Gs^Qhhf, Gs^Fms, Gs^Fds, Gs^Fds, Gs^Fds, Gs^Fds, Gg, Gs^Fds, Gs^Fds, Gs^Fds, Gs^Fds, Hh^Qhh, Gg, Gg, Gg, Rp, Gg, Hh^Qhh, Gg, Gg, Gs, Gg, Gg, Gg, Gg, Gg, Gg, Gg, Gg, Gg^Efm, Gg^Efm, Gg^Efm, Gg^Eff, Gg^Eff, Rb^Gvs, Gg
Gs^Fms, Gs^Fds, Gs^Fds, Gs^Fds, Gs^Fds, Ce, Ce, Gs^Fds, Gs^Fds, Ww, Ww, Ww, Ww, Wo, Gs^Qhhf, Wwr, Gs^Qhhf, Gs^Fms, Gs^Fms, Gs^Fms, Gs^Qhhf, Gs^Vl, Gg, Gg, Gs^Fds, Gs^Fds, Hh^Fds, Hh^Qhhf, Hh^Qhh, Gg, Gg, Rp, Hh^Fds, Hh^Qhh, Hh^Qhh, Gg, Gg, Gg, Gg^Efm, Gg, Gg, Rd, Rd, Rd, Gs, Gs, Gg, Gg, Gg, Gg, Gg, Rd, Rd
Gs^Fds, Gs^Fms, Gs^Fms, Gs^Fds, Gs^Fds, Re^Vct, Gs^Ecf, Re^Vct, Gs^Fds, Gs^Fms, Gs^Fms, Gs^Fds, Ww^Ewf, Wo, Gs^Qhhf, Gs^Qhhf, Gs^Fds, Gs^Qhhf, Gg, Gs^Qhhf, Gg, Gg, Gg, Gs^Fds, Gs^Fds, Gs^Fds, Gs^Qhhf, Hh^Qhhf, Hh^Qhh, Hh^Qhh, Rp, Rp, Hh^Fds, Hh^Fds, Hh^Qhh, Hh^Qhh, Gg, Gg, Gg, Gg, Gg^Efm, Gg, Rd, Gg, Gg, Gs^Vc, Gs, Gg^Efm, Gg, Gg, Gg, Rd, Rd
Gs^Fds, Gs^Fds, Gs^Efm, Gs^Fds, Gs^Fds, Gs, Gs, Gs, Gs^Fds, Gs^Fds, Gs^Fds, Gs^Fds, Gs^Fds, Wwr, Ww, Gs^Qhhf, Gs^Qhhf, Gg, Gg, Gg, Gg, Gs^Qhhf, Gs^Fds, Hh^Fds, Hh^Qhhf, Gs^Qhhf, Wwr, Hh^Qhh, Ce, Ce, Ce, Hh^Qhh, Gg, Hh^Qhh, Hh^Qhh, Gg, Rd, Rd, Gs, Gg, Gg, Gg, Gg, Gg, Gg, Gg, Gg, Gg, Gg^Efm, Gg^Efm, Gg^Efm, Gg, Gg
Gs^Fms, Gs^Fms, Gs^Fds, Gs^Efm, Gs^Fds, Gs^Fds, Gs, Gs^Fds, Gs^Fds, Gs^Fds, Gg^Ve, Gs^Fms, Gs^Fds, Ww, Gll^Fp, Ww, Ds, Ds, Gg, Gg, Gg, Gg, Hh^Fds, Hh^Qhhf, Gs^Qhhf, Wwr, Hh^Qhh, Hh^Qhh, Ce, 3 Ket, Ce, Gg, Re^Vh, Gg, Gg, Gg, Rd, Rd, Gs, Gg, Gg, Hh^Qhh, Hh^Qhh, Hh^Qhh, Gs^Fds, Gg, Hh^Qhh, Gg, Gg, Gg^Efm, Gg, Gg, Gg
Gs^Fds, Gs^Fms, Gs^Fms, Gs^Fms, Gs^Fms, Gs^Fds, Gs^Fds, Gs, Gs^Fds, Gs^Fds, Gs^Fms, Gs^Fms, Gll^Fp, Gll^Fp, Sm, Ww, Ds, Ds, Gll^Fp, Gg, Gg, Gs^Qhhf, Gg, Gs^Vc, Gg, Gg, Hh^Qhh, Hh^Qhh, Hh^Qhh, Ce, Gg, Gg, Rb^Gvs, Rb^Gvs, Rb^Gvs, Gg, Gs, Gs, Gs^Vc, Gg, Gs^Fds, Gs^Fds, Hh^Fds, Hh^Qhh, Hh^Qhh, Hh^Qhh, Hh^Fds, Gg, Gg, Gg^Efm, Gg, Gg^Efm, Gg
Rp, Gs^Fms, Rp, Gs^Fds, Gs^Fds, Gs^Fds, Gs, Gs, Gs, Gs^Fds, Gs^Fds, Gs^Fds, Gll^Fp, Ss^Ewl, Ss^Ewl, Ww, Ww, Ss^Ewl, Gll^Fp, Gg, Gg, Gg, Gg, Gg, Gg, Hh^Qhh, Gg, Gg, Gg, Rp, Gg, Rb^Gvs, Gg, Rb^Gvs, Gg, Gg, 2 Gg, Gs, Gg, Gg, Gg, Gs^Fds, Rp, Hh^Qhh, Rr, Gg, Gg, Gg, Gg, Gg, Gg, Gg, Gg
Gg, Rp, Gg, Rr, Rr, Rp, Rr, Rr, Rr, Gs^Fds, Rp, Gs, Rp, Rr, Rr, Rr, Ww^Bw\, Ss^Ewl, Rp, Gg, Rr, Gg, Rp, Rr, Rr, Rp, Rr, Rr, Rr, Rp, Rr, Gg, Rr, Gg, Rp, Gg, Rr, Rr, Rr, Rp, Rp, Rp, Gg, Rp, Gg, Rr, Rr, Rp, Rr, Rr, Rr, Rr, Rp
Gg, Gg, Gg, Gg, Gg, Gg, Gg, Gg, Gg, Rr, Gg, Rr, Re, Gs^Vl, Gs^Fds, Ds, Ww, Rr, Gg^Qhh, Rr, Gg^Qhh, Rp, Gg^Qhh, Gg^Qhh, Gs, Gg, Gg, Gg, Gg, Rr, Gg, Rp, Gg, Rr, Gg, Rp, Gg, Gg, Gg, Gg, Re, Gg, Gg, Gg, Rd, Gg, Gg, Gg, Co^Edt, Co^Edt, 1 Ko, Re, Re
Gg, Gg, Gg^Efm, Gg, Gs, Gs, Gs, Gg, Gg, Gg, Gg^Efm, Gs^Fds, Re, Gs^Fms, Ds, Ds, Ww, Gg^Qhh, Gg^Qhh, Gg^Qhh, Gg^Qhh, Gg^Efm, Gs^Qhh, Gd^Vc, Gs, Gg, Ds, Gg, Ds, Rd, Gg, Gg, Gg, Gg, Gs^Fds, Gs^Fds, Gs^Fms, Gs^Fds, Gg, Gs^Vc, Re, Gg, Gg, Rd, Ds, Gg, Rd, Gg, Co^Edt, Co^Edt, Co^Edt, Re, Gg
Gg, Gg^Efm, Gg, Gg^Efm, Gd, Gd, Gs, Gs^Vc, Re, Re, Re, Re, Gd, Gs^Fds, Gg, Ds, Ds, Wwr, Ww, Wwr, Ww, Gg^Qhh, Gg^Qhh, Gs^Qhh, Rd, Ds, Ds, Ds, Rd, Rd, Gg, Gg, Gg^Eff, Gg^Eff, Rb^Gvs, Gs^Fds, Gs^Fds, Gg^Efm, Re, Re, Gg^Eff, Gg, Gg, Ds, Ds, Ds, Rd, Rd, Gg, Co^Edt, Gg^Efm, Gg^Efm, Gg^Efm
Gg, Gg, Gg, Gs, Gg, Gg, Gg, Gs, Re, Gs, Gg, Gg, Gs, Gs, Gg^Efm, Gg, Gg, Gg, Gg, Gg, Gg, Ww, Ww, Gg^Qhh, Gg^Qhh, Ds, Ds, Ds, Ds, Gg, Gg^Efm, Gg^Eff, Gg^Eff, Rb^Gvs, Rb^Gvs, Rb^Gvs, Rd^Edt, Re, Gg, Gg^Eff, Rb^Gvs, Gg^Eff, Gg^Eff, Gg, Gg, Gg, Gg^Eff, Gg^Eff, Gg^Eff, Gg, Gg, Gg^Efm, Gg
Hh, Gs^Fds, Hh^Fds, Gs^Fds, Gs^Fds, Gg^Efm, Gg^Efm, Gg^Efm, Re, Gg, Gg^Efm, Gg, Gg, Gs^Vc, Gg, Gg^Efm, Gs, Gg, Rd, Gg^Efm, Gg^Efm, Gg, Ww, Ds, Ds, Rd, Rd, Gs, Gs, Gg, Gg, Gg^Efm, Gg^Wm, Gg^Eff, Gg, Gs^Vh, Rd, Rb^Gvs, Rb^Gvs, Rb^Gvs, Rb^Gvs, Rb^Gvs, Rb^Gvs, Gg^Eff, Gg^Eff, Gg^Eff, Rb^Gvs, Rb^Gvs, Rb^Gvs, Gg^Eff, Gg^Eff, Gg, Gg
Hh, Hh, Hh, Gs^Fds, Gg, Gg, Gg, Gg, Re, Gg, Rd, Gg, Rd, Gs, Gs, Gs, Ds, Rd, Rd, Gg, Gg^Efm, Gg^Efm, Gg, Ww, Ds, Rd, Ds, Rd, Gg, Gg, Re, Gg, Re, Re, Re, Rd, Re, Rb^Gvs, Re, Rb^Gvs, Gs^Vh, Rb^Gvs, Rd, Gg^Wm, Rd, Rb^Gvs, Re, Rb^Gvs, Re^Vh, Rb^Gvs, Rb^Gvs, Gg^Eff, Gs^Fds
Hh, Hh^Fds, Gg^Fds, Hh, Gg, Gg, Re, Re, Gs, Ds, Ds, Rd, Ds, Ds, Ds, Ds, Ds, Ds, Rd, Rd, Gg, Gg, Gg^Eff, Ww, Ww, Ds, Ww, Ds, Re, Re, Gg, Re, Rb^Gvs, Rb^Gvs, Rb^Gvs, Rb^Gvs, Gg^Eff, Re, Gg, Re, Re^Edt, Rd^Edt, Rb^Gvs, Rd, Rb^Gvs, Rd, Rb^Gvs, Re, Re^Edt, Rb^Gvs, Rb^Gvs, Gs^Fds, Gs^Fds
Hh, Hh, Ww, Ww, Gg, Re, Rd, Gs, Gs, Ds, Gg, Ds, Ds, Ds, Ds, Ds, Ds, Ds, Rd, Gg, Gg^Eff, Gg^Eff, Re^Gvs, Gg^Eff, Gg^Eff, Ww, Re, Ww^Bw/, Ww, Gg, Gg, Gs^Vh, Gg^Eff, Rb^Gvs, Gg^Eff, Gg^Eff, Gll^Fp, Gg, Gll^Fp, Gg, Gll^Fp, Rb^Gvs, Rb^Gvs, Rb^Gvs, Rb^Gvs, Rb^Gvs, Rb^Gvs, Rb^Gvs, Rb^Gvs, Re, Hh^Qhh, Gs^Fds, Gs^Fds
Hh, Wwr, Ww, Gg, Re, Re, Rd, Rd, Gs, Gs, Gg, Rd, Rd, Ds, Ds, Ds, Ds, Rd, Gg^Eff, Gg^Eff, Rb^Gvs, Rb^Gvs, Re^Gvs, Re^Gvs, Re^Gvs, Re, Gg, Gg, Ds, Ww, Ds, Gg, Ds, Gg^Eff, Gll^Fp, Gll^Fp, Gll^Fp, Gll^Fp, Gll^Fp, Gll^Fp, Gll^Fp, Gll^Fp, Gll^Fp, Rb^Gvs, Rb^Gvs, Rb^Gvs, Rb^Gvs, Rb^Gvs, Gg^Eff, Rd, Hh^Qhh, Hh^Fds, Hh^Qhh
Hh, Hh, Hh, Gg, Re, Re, Gs^Vh, Re, Ch, Gs, Gg, Gg, Gg, Gg, Gg, Gg, Gg, Gg^Eff, Gg^Eff, Rb^Gvs, Rb^Gvs, Gs^Vh, Re, Re, Re, Re, Gg, Gg, Ds, Ww, Ww, Ds, Ww, Ww, Ww, Wwf^Ewl, Wwf^Ewf, Ss, Gll^Fp, Gll^Fp, Ss, Gll^Fp, Gll^Fp, Gg, Gg^Eff, Gg^Eff, Gg^Eff, Gg^Eff, Rd, Rd, Hh^Qhh, Hh^Qhh, Hh^Qhh
Hh, Hh, Gg, Gg, Gs, Re, Re, Re, 5 Kh, Ch, Gg, Gg, Gs, Gg, Gg, Gg, Gg^Eff, Gg^Eff, Re^Gvs, Rb^Gvs, Re^Gvs, Re, Gg, Gg, Gg^Efm, Gg, Gg, Ds, Ww, Ww, Wo, Ww, Wo, Wo, Ww, Wwf^Ewl, Ss, Ss, Gll^Fp, Ss, Ss, Gll^Fmw, Gll^Fp, Gll^Fp, Gll^Fp, Gll^Fp, Gg, Gg, Rd, Gs^Fms, Gs^Fms, Hh^Qhh, Hh^Fds
Hh, Gg, Gg, Gs, Gs, Re, Gs^Vh, Rb^Gvs, Rb^Gvs, Rb^Gvs, Gs^Vh, Gg, Gs, Gs, Gd, Gg, Gg, Gg^Eff, Gg^Eff, Rb^Gvs, Re^Gvs, Re, Gg, Gg^Efm, Gg^Efm, Gg, Gg, Ds, Ww, Ww, Wo, Wo, Wo, Ww, Gll^Fp, Gll, Gll, Gll^Fp, Re^Vct, Gll^Fp, Gll^Em, Gll^Fmw, Gll^Fmw, Gll^Fp, Hh^Fp, Gll^Fp, Gll^Fms, Gg, Gs^Vh, Re^Edt, Gs^Fms, Hh^Fms, Hh^Fds
Gg, Gg, Gg, Gs, Re, Re, Rb^Gvs, Rb^Gvs, Rb^Gvs, Rb^Gvs, Gg^Efm, Gg, Gg, Gd, Gg, Gs, Gg, Gg, Gg, Gg^Eff, Re, Re, Gg, Gg^Efm, Gg, Gg, Gll^Fp, Ww, Ww, Wo, Wo, Wo, Wo, Ww, Ww, Gll^Fp, Gll^Fmw, Re, Gll^Em, Re^Ecf, Gll^Em, Gll^Fp, Gll^Fp, Gll^Fmw, Gll^Fp, Hh^Fp, Hh^Fms, Hh^Qhh, Hh^Qhh, Re^Edt, Hh^Qhh, Hh^Qhh, Hh^Qhh
Gg^Efm, Gg, Gg^Efm, Gg, Re, Gg, Gg^Efm, Gg^Efm, Gg, Gg, Gg, Gg, Gg^Efm, Gg, Gg, Gg, Gg^Efm, Gg^Efm, Gg, Gs^Vc, Re, Gg, Gg, Gg, Gg, Gll^Fp, Gll^Fp, Ww, Ww, Wo, Wo, Ww, Ss, Ww, Ss, Gll^Fp, Gll^Fmw, Gll^Fmw, Gll^Fmw, Gll^Fmw, Gll^Fp, Gll^Fp, Gll^Fp, Gll^Fmw, Hh^Fp, Hh^Fms, Hh^Fms, Hh^Fms, Hh^Qhh, Re, Re, Hh^Qhh, Hh^Qhh
Gg, Gg^Efm, Gg, Gg, Re, Gg, Gg, Gg^Efm, Gg, Gg, Gg, Gg, Gg, Gg, Gg, Gg, Gg, Gg, Gg, Gg, Re, Gg, Gg, Gg, Gg, Gll^Fp, Gll^Fp, Gll^Fp, Gll^Fp, Ww, Ww, Ww, Ss, Ss, Gll^Fp, Gll^Fmw, Gll^Fp, Gll^Fp, Gll^Fp, Gll^Fp, Gg, Gll^Fp, Gg, Hh^Fp, Hh^Fms, Hh^Fms, Hh^Qhh, Hh^Qhh, Hh, Hh, Re, Hh, Hh
