Gs, Gg, Hh, Hh, Hh, Hh, Hh, Hh, Hh, Hh, Hh, Hh, Hh^Fds, Hh, Hh^Fds, Hh, Hh, Hh, Hh, Hh, Hh, Hh, Hh, Hh, Hh^Fds, Gg, Gll^Fds, Gll^Fds, Gll^Fds, Gg^Fds, Hh^Fds, Hh, Hh, Hh, Hh, Hh, Hh, Hh, Hh, Hh, Hh, Gg, Gg, Gg, Gg, Gg, Gg, Gg, Gg, Gg^Edt, Rr, Gg, Gg, Re^Edt, Gg, Gs^Fds, Gs^Fms, Gll^Fms, Gs^Fds, Gs^Fds, Gs^Fds, Gs^Fds
Gs, Hh, Gs, Hh, Gs, Hh, Hh, Hh, Hh, Hh, Hh, Gg, Gg, Gll^Fds, Gll^Fds, Hh^Fds, Gs, Hh, Hh, Hh, Hh, Gll^Fds, Hh, Hh^Fds, Hh, Hh^Fds, Gll^Fds, Gll^Fds, Gll^Fds, Hh^Fds, Gs, Hh, Hh, Hh, Gg, Hh, Gg, Hh, Gg, Hh, Gg, Gg, Gg, Gg, Gg, Gg, Re^Vct, Gg, Gs, Gg, Rr, Gg, Re^Vct, Gg, Gg^Fms, Gs^Fds, Gll^Fms, Gs^Fds, Gs^Fds, Gs^Fds, Gs^Fds, Gs^Fds
Gs, Gs, Gs, Gs, Gs, Gs, Gs, Gg, Gg, Hh, Gg, Hh, Gg, Gg, Gg, Hh, Gg, Gs, Gs, Hh, Gs, Gs, Hh, Hh, Hh, Hh, Hh, Gs^Fms, Gs, Hh, Hh, Gs, Gs, Gg, Gg, Gg, Gs^Fds, Gg, Gs^Fds, Gg, Gs^Fds, Gg, Gg, Gg, Re, Re^Vct, Re^Ecf, Re, Re^Vct, Gg, Rr, Re, Gs, Gs, Gs^Fms, Gs^Fds, Gg, Gg, Gs^Fds, Gs^Fds, Gs^Fds, Gs^Fds
Gs^Fds, Hh, Gs^Fds, Hh, Gg, Gg, Gs^Fds, Gg, Gg, Gg, Gg, Gg, Gg, Gg, Gs, Gg, Gg, Gg, Gll^Fds, Gs, Hh^Fds, Gs, Hh, Hh, Hh, Hh, Gs, Hh, Hh, Hh, Re, Gs, Re, Gs, Gg, Gg, Gg, Gs^Fms, Gs^Fms, Gs^Fds, Gg, Gs^Fds, Gg, Re^Vct, Re^Vct, Re, Re, Re^Vct, Rr, Rr, Ce, Ce, 2 Ke, Gs, Gg, Gg, Gg, Gs^Vl, Gs^Fds, Gs^Fds, Gs^Fds, Gs^Fds
Hh^Fds, Gs^Fds, Gll^Fds, Hh, Gg, Gs^Fds, Gll^Fds, Hh^Fds, Hh, Hh, Gg, Gg, Gs, Gs, Gs, Gs, Gg, Gg, Hh, Hh^Fds, Hh, Hh, Hh, Hh, Hh, Gs, Gs, Hh, Re, Re, Rb^Gvs, Re, Re^Vhr, Re, Gg, Gg, Gg, Gs^Fms, Gg, Gs^Vl, Gg, Gg, Gg, Gs, Gs, Re^Vct, Rr, Rr, Re, Ce, Re^Ecf, Ce, Ce, Ce, Re, Gg, Gs^Fds, Gg^Fds, Gg^Fms, Gs^Fds, Gs^Fds, Gs^Fds
Gg, Gg, Gg, Gg, Hh, Hh^Fds, Hh^Fds, Hh^Fds, Hh, Gg, Gg, Gs, Gg, Gs, Gg, Gg, Re^Eff, Re, Re, Re, Re, Re, Re, Re, Re, Re, Re, Re, Rb^Gvs, Rb^Gvs, Rb^Gvs, Rb^Gvs, Rb^Gvs, Re, Re, Gg, Gg, Gg, Gg, Gg, Gg, Gg, Gg, Gg, Rr, Rr, Re, Re^Vct, Re^Vct, Re, Re, Ce, Gg, Gg, Re^Vct, Re^Vct, Gs^Fds, Gs^Fds, Gs^Fds, Gg^Fms, Rb^Gvs, Gs^Fds
Re, Re, Re, Re, Re, Gs, Gs, Hh, Gs, Hh, Gg, Gg, Gs, Gs, Re^Eff, Re^Eff, Rb^Gvs, Rb^Gvs, Rb^Gvs, Rb^Gvs, Rb^Gvs, Rb^Gvs, Ch^Qhux, Re, Rb^Gvs, Rb^Gvs, Rb^Gvs, Rb^Gvs, Rb^Gvs, Rb^Gvs, Rb^Gvs, Rb^Gvs, Rb^Gvs, Rb^Gvs, Ch^Qhux, Re, Re, Gg, Gg, Gg, Gg, Gg, Rr, Rr, Gs^Eff, Gs^Eff, Gs^Eff, Gg, Gg, Gs, Gg, Re, Re, Gg, Gg, Gg, Gs^Eff, Gll^Fms, Rb^Gvs, Rb^Gvs, Rb^Gvs, Rb^Gvs
Gg, Gg, Hh, Gg, Gg, Re, Re, Gs, Re, Hh, Hh, Gs, Re^Eff, Re^Vhr, Rb^Gvs, Rb^Gvs, Rb^Gvs, Rb^Gvs, Rb^Gvs, Rb^Gvs, Ch^Qhux, Ch^Qhux, Rr, Ch^Qhux, Ch^Qhux, Rb^Gvs, Rb^Gvs, Rb^Gvs, Rb^Gvs, Rb^Gvs, Rb^Gvs, Rb^Gvs, Ch^Qhux, Ch^Qhux, Re, Ch^Qhux, Xos, Re, Re, Gg, Rr, Rr, Gs^Eff, Gs^Eff, Rb^Gvs, Rb^Gvs, Rb^Gvs, Gs^Eff, Gs^Eff, Gs^Eff, Gs^Eff, Gg, Gg, Re, Re, Gs^Eff, Rb^Gvs, Rb^Gvs, Rb^Gvs, Rb^Gvs, Rb^Gvs, Rb^Gvs
Hh, Hh, Hh^Fds, Gs, Hh, Gg, Gg, Re, Gg, Re, Re, Re^Eff, Rb^Gvs, Rb^Gvs, Rb^Gvs, Rb^Gvs, Rb^Gvs, Rb^Gvs, Ch^Qhux, Ch^Qhux, Rr, Rr, Rr, Rr, Rr, Ch^Qhux, Ch^Qhux, Rb^Gvs, Rb^Gvs, Rb^Gvs, Ch^Qhux, Ch^Qhux, Re^Es, Re, Rr^VjD, Re, Re, Rr^Pr\, Rr^Pr\, Rr, Gs, Gs^Eff, Rb^Gvs, Rb^Gvs, Rb^Gvs, Rb^Gvs, Rb^Gvs, Rb^Gvs, Rb^Gvs, Rb^Gvs, Rb^Gvs, Gs^Eff, Gs^Eff, Gs^Eff, Rb^Gvs, Re, Re, Rb^Gvs, Rb^Gvs, Rb^Gvs, Rb^Gvs, Rb^Gvs
Hh, Hh^Fds, Hh^Fds, Hh, Hh, Gs, Gs, Gg, Gg^Eff, Gg^Eff, Re, Re, Rb^Gvs, Rb^Gvs, Rb^Gvs, Rb^Gvs, Ch^Qhux, Ch^Qhux, Rr, Rr, Rr, Rr, Rr^Vhc, Ch, Rr^VjBr, Rr, Rr, Ch^Qhux, Ch^Qhux, Ch^Qhux, Rr, Re^Es, Rr^VjBr, Re^Es, Rr^Vhc, Re, Isa, Isa, Re, Rr^Pr\, Xos, Rb^Gvs, Rb^Gvs, Rb^Gvs, Rb^Gvs, Rb^Gvs, Rb^Gvs, Rb^Gvs, Rb^Gvs, Rb^Gvs, Rb^Gvs, Rb^Gvs, Rb^Gvs, Rb^Gvs, Rb^Gvs, Rb^Gvs, Rb^Gvs, Re^Vhr, Rb^Gvs, Rb^Gvs, Rb^Gvs, Rb^Gvs
Hh, Hh, Gs, Hh, Gs, Gs, Gs, Re^Vhr, Rb^Gvs, Rb^Gvs, Rb^Gvs, Re, Re, Rb^Gvs, Ch^Qhux, Ch^Qhux, Rr, Rr, Rr, Rr, Rr, Isa, Isa, Rr^Es, Isa^Es, Isa^Es, Rr^Vhc, Rr, Rr, Rr, Rr, Rr^VjA, Ch, Re^Es, Isa, Isa, Re, Re, Re, Re, Re, Ch^Qhux, Ch^Qhux, Rb^Gvs, Rb^Gvs, Rb^Gvs, Ch^Qhux, Ch^Qhux, Ch^Qhux, Rb^Gvs, Rb^Gvs, Rb^Gvs, Rb^Gvs, Rb^Gvs, Gs^Fds, Rb^Gvs, Rb^Gvs, Re, Rb^Gvs, Rb^Gvs, Rb^Gvs, Rb^Gvs
Gg, Gg, Gg, Gs, Gll^Fms, Gs, Gs^Fds, Rb^Gvs, Rb^Gvs, Rb^Gvs, Rb^Gvs, Rb^Gvs, Re, Ch^Qhux, Rr, Rr, Kh, Ch, Ch, Ch, Rr, Rr^VjE, Rr^Vhc, Isa, Isa, Rr, Rr^VjD, Ch, Rr, Rr, Isa, Ch, Isa, Isa, Rr^VjA, Isa, Isa, Rr^VjD, Gs^Fds, Re, Re, Re, Re, Ch^Qhux, Ch^Qhux, Ch^Qhux, Re, Re, Re, Ch^Qhux, Ch^Qhux, Rb^Gvs, Rb^Gvs, Gs^Fds, Rb^Gvs, Rb^Gvs, Rb^Gvs, Re^Edt, Rb^Gvs, Rb^Gvs, Gs^Fds, Gs^Fds
Gg, Gg, Gs^Fds, Gs^Fds, Gs^Fds, Gs^Fds, Gs^Fds, Rb^Gvs, Rb^Gvs, Rb^Gvs, Rb^Gvs, Rb^Gvs, Gg, Ch^Qhux, Rr, Kh, 7 Kh, Kh, Ch, Rr, Rr, Rr, Rr^VjG, Rr^VjA, Isa, Rr^Vhc, Rr, Rr^VjB, Rr, Rr, Ch^Es, Isa^Edt, Isa^Edt, Rr^Vhc, Rr, Rr, Rr^VjD, Isa, Isa, Rr^VjD, Gs^Fds, Gs^Fds, Gs^Fp, Re, Re, Re, Ch, Ch, Ch, Re, Ch^Qhux, Rb^Gvs, Rb^Gvs, Rb^Gvs, Rb^Gvs, Rb^Gvs, Rb^Gvs, Re, Gs^Fds, Gs^Fms, Gs^Fds, Gs^Fds
Gg, Gg, Gg, Gg^Fms, Gs^Fds, Gll^Fms, Rb^Gvs, Rb^Gvs, Rb^Gvs, Rb^Gvs, Rb^Gvs, Rb^Gvs, Gg, Ch^Qhux, Rr, Kh, Kh, Ch, Ch, Ch, Rr, Rr^VjC, Isa^Es, Isa^Edt, Isa^Edt, Isa, Isa, Rr, Rr, Isa, Isa^Es, Chr^Es, Isa, Rr^VjB, Gs^Fp, Gs^Fds, Rr^Es, Rr^Vhc, Isa^Es, Isa, Isa, Rp, Gs^Fds, Re, Rr^Es, Re, Ch, 6 Kh, Ch, Re, Ch^Qhux, Rb^Gvs, Rb^Gvs, Rb^Gvs, Rb^Gvs, Rb^Gvs, Rb^Gvs, Re, Gs^Efm, Gs^Fds, Gs^Fms, Gs^Fms
Gg, Gg, Gg, Hh, Hh, Hh, Hh, Rb^Gvs, Hh, Rb^Gvs, Gs^Fds, Gg, Gg, Ch^Qhux, Rr, Ch, Ch, Ch, Ch, Isa^Qhh, Isa^Edt, Rr^VjCr, Isa^Es, Rr^VjEr, Rr^Vhc, Rr^VjF, Gs^Fds, Isa, Isa, Isa, Re, Isa^Es, Isa^Edt, Rr, Rr^VjC, Rr, Isa^Es, Isa^Dr, Rr^VjBr, Rr^Vhc, Rr^VjC, Isa, Isa^Es, Rp^Vhcr, Isa^Es, Ch, Re, Ch, Re, Re, Ch^Qhux, Rb^Gvs, Rb^Gvs, Rb^Gvs, Rb^Gvs, Rb^Gvs, Rb^Gvs, Re^Vhr, Gs^Fds, Gs^Fds, Rb^Gvs, Rb^Gvs
Gs^Fds, Gs^Fds, Hh, Hh, Hh, Hh^Fds, Hh, Hh, Gg, Gs^Fms, Gg, Gg, Ch^Qhux, Ch^Qhux, Rr, Rr, Ch, Rr, Rr, Rr, Rr, Isa^Edt, Isa, Gs^Fds, Gs^Fds, Rr, Rr, Gs^Fds, Isa, Re, Ch, Re, Isa, Rr^Vhc, Isa, Isa, Rr^VjA, Isa^Es, Isa, Rr, Rr^Vhc, Rr, Isa^Edt, Isa^Es, Isa, Re, Re, Re, Gs^Fp, Re, Ch^Qhux, Rb^Gvs, Rb^Gvs, Rb^Gvs, Rb^Gvs, Rb^Gvs, Rb^Gvs, Re, Rb^Gvs, Rb^Gvs, Rb^Gvs, Rb^Gvs
Gg, Gs^Fds, Gg, Hh, Gs^Fds, Hh, Gs^Fds, Hh, Rb^Gvs, Gg, Gg, Ch^Qhux, Rr, Rr, Gs^Fms, Rr, Rr, Rr, Isa, Rr^VjC, Rr^Vhc, Rr, Rr^VjD, Isa, Isa, Rr, Rr, Rr^VjB, Isa, Ch, Rr^Vhc, Isa, Isa, Isa, Rr, Rr, Gs^Fds, Rr^Vhc, Rr^VjB, Isa, Isa^Edt, Isa^Dr, Chr^Dr, Chr^Dr, Isa^Es, Isa, Rp^Vhc, Rp, Gs^Fms, Re, Ch^Qhux, Rb^Gvs, Rb^Gvs, Rb^Gvs, Rb^Gvs, Rb^Gvs, Rb^Gvs, Re^Edt, Re^Edt, Rb^Gvs, Rb^Gvs, Rb^Gvs
Gg, Gg, Gg, Gg, Gg, Gg, Gg, Gs^Fds, Rb^Gvs, Rb^Gvs, Rb^Gvs, Ch^Qhux, Rr, Gs^Fds, Gll^Fp, Rr, Rr^VjF, Isa, Rr^VjC, Isa, Isa, Rr^VjG, Isa, Isa, Rr, Isa, Isa, Rr^VjA, Isa, Isa, Chr^Es, Ch, Isa, Rr^VjA, Gs^Fds, Rp, Rr, Rr, Isa, Isa^Edt, Rr^Edt, Ch^Edt, Isa^Dr, Isa^Es, Gs^Fms, Gs^Fp, Rp, Rp, Gs^Fp, Re, Rp, Ch^Qhux, Ch^Qhux, Rb^Gvs, Rb^Gvs, Rb^Gvs, Rb^Gvs, Rb^Gvs, Rb^Gvs, Re, Rb^Gvs, Rb^Gvs
Rb^Gvs, Rb^Gvs, Rb^Gvs, Rb^Gvs, Rb^Gvs, Re, Gs^Fds, Gg, Rb^Gvs, Rb^Gvs, Rb^Gvs, Ch^Qhux, Gs^Fds, Rr^Vhc, Rr, Rr^VjD, Isa, Rr^Vhc, Isa, Isa, Isa^Es, Isa, Rr^VjC, Rr^VjA, Gs^Fds, Rr^Vhc, Rr^VjB, Isa, Isa, Re, Rr^Es, Rr^Es, Isa, Rr^Vhc, Rr, Rr^VjBr, Isa, Isa, Re, Re, Isa^Edt, Isa, Gs^Fds, Gs^Fp, Rp, Rp, Rp, Gs^Fp, Rp, Re, Rp, Rp, Ch^Qhux, Rb^Gvs, Rb^Gvs, Rb^Gvs, Rb^Gvs, Rb^Gvs, Rb^Gvs, Re, Re, Gg
Rb^Gvs, Rb^Gvs, Rb^Gvs, Rb^Gvs, Rb^Gvs, Gs^Fds, Gs^Fds, Rb^Gvs, Rb^Gvs, Rb^Gvs, Rb^Gvs, Ch^Qhux, Gs^Fds, Gs^Fp, Gs^Fp, Rr, Rr, Isa, Rr, Isa, Isa, Isa^Es, Rp^Vhcr, Gs^Fms, Rp, Rr, Rr, Rr, Rr^VjD, Isa, Isa, Isa, Rr, Isa, Isa, Isa, Rr^VjA, Re, Gs^Fds, Rr^VjC, Isa^Edt, Rr^Edt, Rp^Edt, Rp, Gs^Fms, Gs^Fp, Re, Rp, Re, Rp, Re, Rp, Ch^Qhux, Rb^Gvs, Rb^Gvs, Rb^Gvs, Rb^Gvs, Rb^Gvs, Gs^Eff, Gs^Eff, Re, Gg
Rb^Gvs, Rb^Gvs, Rb^Gvs, Rb^Gvs, Rb^Gvs, Rb^Gvs, Rb^Gvs, Rb^Gvs, Rb^Gvs, Rb^Gvs, Re, Ch^Qhux, Gs^Fds, Gs^Fms, Gs^Fds, Rr^VjC, Gs^Fp, Rr, Rr^Vhc, Rr^VjD, Rr^VjD, Isa, Rr^Es, Rr^Es, Rp, Rp, Gs^Fds, Rp, Rr, Rr, Isa, Rr, 1 Rr, Rr, Isa, Rr^VjE, Gs^Fds, Rr^Es, Rr^VjBr, Rp^Vhcr, Isa^Es, Rr, Gs^Fds, Gs^Fp, Rb, Re, Re^Edt, Re, Rb^Edt, Re^VjJ, Re^Vh, Re, Ch^Qhux, Rb^Gvs, Rb^Gvs, Rb^Gvs, Gs^Fds, Gs^Fds, Gs^Fds, Gs^Fds, Ww, Gg
Rb^Gvs, Rb^Gvs, Rb^Gvs, Rb^Gvs, Rb^Gvs, Rb^Gvs, Rb^Gvs, Rb^Gvs, Gs^Eff, Gs^Eff, Gg, Ch^Qhux, Ch^Qhux, Gs^Fds, Re, Gs^Fds, Re, Rr^VjD, Re, Re, Isa, Isa, Isa, Rr^VjE, Rr^VjBr, Rr^Vhc, Rr^VjE, Gs^Fds, Rr, Rr^Vhc, Isa, Rr, Rr, Rr, Isa, Rr^VjF, Rr^Vhc, Rr^Es, Isa, Isa^Es, Rp, Rp, Re, Re, Re^VjI, Re^VjH, Re, Re^VjL, Rb, Rb^Edt, Re, Re^Edt, Ch^Qhux, Rb^Gvs, Gs^Eff, Gs^Eff, Gs^Fds, Ww, Wo, Ww, Ww, Ww
Rb^Gvs, Rb^Gvs, Rb^Gvs, Rb^Gvs, Rb^Gvs, Re^Vhr, Gs^Eff, Gs^Eff, Gg, Gg, Gg, Gg, Gg, Ch^Qhux, Xos, Re, Re, Re, Isa, Isa, Rr^Vhc, Re, Isa, Isa^Edt, Isa^Edt, Isa^Edt, Isa, Rr^VjC, Isa, Isa, Re, Isa, Isa, Isa, Re, Isa, Isa, Isa, Gs^Fds, Gs^Fms, Rp, Gs^Fds, Rp, Rp, Re^Edt, Re^Vh, Rb, Re^Vwm, Rb, Re^VjN, Re^VjO, Re, Ch^Qhux, Gs, Gll^Fp, Gs^Fds, Gg^Efm, Ww, Wo, Wo, Gs^Fms, Gg
Rb^Gvs, Rb^Gvs, Rb^Gvs, Rb^Gvs, Rb^Gvs, Rb^Gvs, Rb^Gvs, Gs^Eff, Gs^Eff, Gg, Gg, Gg, Gg, Gg, Gg, Rr^Pr\, Rr^Pr\, Isa, Re, Rr^VjA, Re, Re, Isa, Re, Re, Re, Rr^VjC, Isa, Ch, Isa, Rr^Vhc, Re, Isa^Es, Re, Rr^Vhc, Re, Gs^Fds, Isa, Isa, Gs^Fms, Isa^Es, Isa^Es, Isa^Es, Rr, Rp, Rb^Edt, Re^VjN, Rb, Rb^Edt, Re^Vh, Ch^Qhux, Ch^Qhux, Gs^Fds, Gll^Fp, Gll^Fp, Gs^Fds, Gg^Efm, Ww, Gs^Fds, Ww, Gs^Fds, Gs^Fds
Rb^Gvs, Rb^Gvs, Rb^Gvs, Rb^Gvs, Rb^Gvs, Rb^Gvs, Rb^Gvs, Rb^Gvs, Rb^Gvs, Gs^Eff, Gs^Eff, Gg, Gg, Gg, Rr, Rr, Gg, Rr^Pr\, Xos, Re, Re, Ch, Isa, Rr^Vhc, Rr^VjD, Re, Re, Re, Re, Isa, Isa, Rr^Es, Isa^Es, Rr^VjBr, Rr^Es, Rr^VjC, Gs^Fds, Gs^Fds, Isa, Isa, Isa, Chr, Ch, Isa, Rr, Re^VjL, Re^VjJ, Re^Edt, Re, Re, Ch^Qhux, Gs^Fds, Gs^Fms, Gs^Fms, Gs^Eff, Gs^Eff, Gs^Eff, Gs^Eff, Gs^Eff, Gs^Fds, Gll^Fms, Gs^Fms
Rb^Gvs, Rb^Gvs, Rb^Gvs, Rb^Gvs, Rb^Gvs, Rb^Gvs, Rb^Gvs, Rb^Gvs, Rb^Gvs, Rb^Gvs, Gs^Eff, Gg^Eff, Rr, Rr, Gg, Gg, Gg, Gg, Gg, Ch^Qhux, Ch^Qhux, Re, Re, Isa, Isa, Re, Re, Re, Rr^VjB, Re, Isa^Edt, Isa, Isa^Es, Isa^Es, Isa, Rr, Isa, Isa, Isa, Ch, Ch, Isa, Isa, Isa, Gs^Fds, Rr, Rr, Re^Vh, Rp, Re, Ch^Qhux, Gs^Fds, Gs^Eff, Gs^Eff, Rb^Gvs, Rb^Gvs, Rb^Gvs, Rb^Gvs, Rb^Gvs, Gs^Eff, Gs^Fds, Gs^Fds
Rb^Gvs, Rb^Gvs, Re^Vct, Rb^Gvs, Re^Vct, Re^Ecf, Rb^Gvs, Rb^Gvs, Gs^Eff, Gs^Eff, Rr, Rr, Gg, Re, Gs^Vh, Gs^Fds, Gs^Fds, Gg, Gg, Gg, Gg, Ch^Qhux, Ch^Qhux, Re, Re, Isa, Isa, Rr^Vhc, Isa, Isa^Edt, Rr^VjAr, Rr^VjB, Isa^Dr, Chr^Dr, Ch, Isa, Rr^VjC, Isa, Isa, Isa, Isa, Isa, Gs^Fds, Isa, Isa, Gs^Fms, Rr^Vhc, Rp, Rp, Rp, Ch^Qhux, Gs^Fds, Rb^Gvs, Rb^Gvs, Rb^Gvs, Rb^Gvs, Rb^Gvs, Rb^Gvs, Gs^Wm, Gs^Fds, Gs^Fds, Gs^Fds
Rb^Gvs, Rb^Gvs, Re, Re^Edt, Re^Edt, Re^Vct, Gs^Eff, Gs^Eff, Rr, Rr, Gg, Gg, Gs, Gg, Gg, Gg, Gs^Fms, Gs^Fds, Gg, Gg, Ch^Qhux, Ch^Qhux, Re, Re, Re, Ch, Isa, Isa, Rr, Rr^VjD, Rr^Edt, Rr^Edt, Isa^Es, Ch^Edt, Rr^Es, Rr, Rr, Rr^VjD, Isa, Re, Re, Re, Rr^Vhc, Gs^Fds, Rr^VjCr, Isa, Isa, Rr, Rr, Rp, Xos, Gg, Rb^Gvs, Rb^Gvs, Rb^Gvs, Rb^Gvs, Re, Re, Rb^Gvs, Gs, Rb^Gvs, Gs^Fds
Rb^Gvs, Rb^Gvs, Co, Co, Co^Edt, Gs, Rr, Rr, Gg, Gg, Gg, Gs, Gs^Fms, Gs^Fms, Gs^Fds, Gg, Gs^Fms, Gg, Ch^Qhux, Ch^Qhux, Re, Re, Gs^Fds, Re, Isa, Isa, Re, Isa, Isa, Rr^Vhc, Rr^VjB, Rr, Isa^Es, Rp^Vhcr, Rr^Es, Rr, Rr^Vhc, Rr, Isa, Gs^Fds, Rr^Vhc, Re, Rr^VjC, Isa^Edt, Re^Edt, Rr^VjE, Re, Isa, Rr^Pr/, Rr^Pr/, Gg, Gg, Re, Re^Vhr, Re, Re, Rb^Gvs, Rb^Gvs, Rb^Gvs, Rb^Gvs, Rb^Gvs, Rb^Gvs
Rb^Gvs, Rb^Gvs, Gs, Co, Co^Edt, Rr, Re^Edt, Re^Vct, Re^Ecf, Gg, Gg, Gs^Fds, Re, Gs^Fds, Re, Gs^Fds, Ch^Qhux, Ch^Qhux, Re, Re, Gs^Fds, Gs^Fds, Rp, Isa, Gs^Fds, Re, Re, Ch, Ch, Isa, Isa, Rr, Isa^Es, Rr^Es, Rr^VjE, Rr, Ch, Rr, Isa, Gs^Fds, Rr^VjB, Re, Isa, Isa^Edt, Re, Re, Xos, Rr^Pr/, Gg, Rr, Rr, Gg, Re, Re, Rb^Gvs, Rb^Gvs, Rb^Gvs, Rb^Gvs, Rb^Gvs, Rb^Gvs, Rb^Gvs, Rb^Gvs
Gs, Gs, Rr, 4 Ko, Co^Edt, Co^Edt, Re^Edt, Re^Vct, Gg, Gg, Re^Eff, Re^Eff, Rb^Gvs, Re, Rb^Gvs, Ch^Qhux, Ch^Qhux, Re, Re, Gs^Fds, Gs^Fds, Rp^Vhc, Gs^Fds, Gs^Fds, Re, Re, Re, Ch, Rr^Edt, Rr, Rr, Isa, Isa^Vhc, Isa, Rr, Ch, Isa^Edt, Isa^Edt, Isa, Rr^VjA, Rp^Vhcr, Isa^Edt, Re, Re, Ch^Qhux, Ch^Qhux, Gg, Gg, Gg, Gg, Re^Eff, Rr, Rr, Re^Eff, Re^Eff, Rb^Gvs, Rb^Gvs, Rb^Gvs, Rb^Gvs, Rb^Gvs, Rb^Gvs, Rb^Gvs
Rr, Rr, Re^Edt, Re^Edt, Co^Edt, Co^Edt, Gg, Gg, Re^Eff, Re^Eff, Rb^Gvs, Rb^Gvs, Rb^Gvs, Rb^Gvs, Rb^Gvs, Rb^Gvs, Rb^Gvs, Ch^Qhux, Ch^Qhux, Re, Re, Gs^Fds, Re, Re, Re, Rr^Vhc, Rr^VjC, Rr^Es, Rr^VjBr, Rr^Vhc, Rr^Edt, Isa, Isa, Isa, Isa^Es, Isa^Edt, Rr^VjAr, Rr^VjA, Isa, Isa^Es, Rr^Es, Rr^Edt, Ch^Qhux, Ch^Qhux, Re, Re, Re^Eff, Re^Eff, Re^Eff, Re^Eff, Rb^Gvs, Re^Eff, Re^Eff, Rr, Rr, Re^Eff, Re^Eff, Rb^Gvs, Rb^Gvs, Rb^Gvs, Rb^Gvs, Rb^Gvs
Gs, Gs, Re^Vct, Re^Edt, Gg, Re^Edt, Re^Vct, Gs, Re, Re^Eff, Gs^Fds, Rb^Gvs, Rb^Gvs, Rb^Gvs, Rb^Gvs, Rb^Gvs, Rb^Gvs, Rb^Gvs, Rb^Gvs, Ch^Qhux, Ch^Qhux, Re, Ch^Qhux, Ch^Qhux, Ch^Qhux, Re, Rr^Es, Rr^Es, Rr^Es, Rr^Es, Ch, Gs^Fds, Isa, Gs^Fds, Ch, Isa^Es, Isa^Es, Rr^VjF, Re, Re, Ch^Qhux, Ch^Qhux, Re, Re, Re^Eff, Re^Eff, Rb^Gvs, Rb^Gvs, Rb^Gvs, Rb^Gvs, Rb^Gvs, Rb^Gvs, Re, Re^Eff, Re, Rr, Rr, Re^Eff, Re, Rb^Gvs, Rb^Gvs, Rb^Gvs
Gg, Gs, Re^Ecf, Re^Vct, Gs^Fms, Gg, Gs, Gs^Fms, Gs^Fms, Gs^Fds, Rb^Gvs, Rb^Gvs, Rb^Gvs, Rb^Gvs, Rb^Gvs, Rb^Gvs, Rb^Gvs, Rb^Gvs, Rb^Gvs, Gs^Fds, Gs^Fds, Ch^Qhux, Gs^Fms, Gs^Fds, Gs^Fds, Ch^Qhux, Ch^Qhux, Re, Re, Re, Gs^Fds, Gs^Fds, Isa, Gs^Fds, Gs^Fds, Re, Re, Re, Ch^Qhux, Ch^Qhux, Re, Re, Re^Eff, Re^Eff, Rb^Gvs, Rb^Gvs, Rb^Gvs, Rb^Gvs, Rb^Gvs, Rb^Gvs, Re, Re, Rb^Gvs, Re^Vhr, Rb^Gvs, Re^Eff, Re^Eff, Rr, Rr, Re^Eff, Re^Eff, Rb^Gvs
Gg, Gg, Gg, Gs^Fms, Gs^Fms, Gg, Re, Gs^Fds, Gs^Fds, Gs^Fds, Rb^Gvs, Rb^Gvs, Re^Eff, Re^Eff, Re^Eff, Rb^Gvs, Gs^Fds, Rb^Gvs, Rb^Gvs, Gs^Fms, Rb^Gvs, Gs^Fds, Rb^Gvs, Rb^Gvs, Rb^Gvs, Gs^Fds, Gs^Fms, Ch^Qhux, Ch^Qhux, Re, Re, Re, Isa, Re, Re, Re, Ch^Qhux, Ch^Qhux, Gs^Fds, Re, Rb^Gvs, Re^Eff, Re^Eff, Rb^Gvs, Rb^Gvs, Rb^Gvs, Rb^Gvs, Rb^Gvs, Re, Re, Rb^Gvs, Rb^Gvs, Rb^Gvs, Rb^Gvs, Re^Vct, Re^Vct, Re^Edt, Re, Ce, Rr, Rr, Re^Eff
Gs^Fds, Gg, Gs^Fds, Gg, Gg, Gs, Re, Re, Re^Eff, Rb^Gvs, Re^Eff, Re^Eff, Re^Vhr, Re, Re, Re^Eff, Re^Eff, Gs^Fds, Rb^Gvs, Rb^Gvs, Rb^Gvs, Rb^Gvs, Rb^Gvs, Rb^Gvs, Rb^Gvs, Rb^Gvs, Rb^Gvs, Gs^Fms, Gs^Fds, Ch^Qhux, Re, Ch, Ch, Ch, Re, Ch^Qhux, Gs^Fds, Gs^Fds, Gs^Fms, Rb^Gvs, Rb^Gvs, Rb^Gvs, Rb^Gvs, Re^Eff, Re^Eff, Re^Vhr, Re, Re, Rb^Gvs, Rb^Gvs, Rb^Gvs, Rb^Gvs, Re^Vct, Re^Ecf, Re, Re^Edt, Ce, Ce, Ce, Ce, Re^Eff, Rr
Gs^Fds, Gs^Fds, Gs^Fms, Gs^Fds, Rb^Gvs, Gs, Rb^Gvs, Re, Re, Re^Eff, Re, Re, Re^Eff, Re^Eff, Re^Eff, Re, Re, Re^Eff, Re^Wm, Rb^Gvs, Rb^Gvs, Rb^Gvs, Rb^Gvs, Rb^Gvs, Rb^Gvs, Rb^Gvs, Rb^Gvs, Rb^Gvs, Rb^Gvs, Ch^Qhux, Re, Ch, 5 Kh, Ch, Re, Ch^Qhux, Gs^Fds, Gs^Fds, Rb^Gvs, Rb^Gvs, Rb^Gvs, Rb^Gvs, Rb^Gvs, Rb^Gvs, Re, Re, Re^Eff, Rb^Gvs, Rb^Gvs, Rb^Gvs, Rb^Gvs, Re^Vct, Re^Edt, Re, Ce, Ce, Ce, 3 Ke, Re, Re, Re^Vct, Re^Eff
Gs^Fds, Gs^Fms, Gs^Fds, Gs^Fds, Rb^Gvs, Rb^Gvs, Rb^Gvs, Rb^Gvs, Re, Re, Re^Eff, Re^Eff, Rb^Gvs, Rb^Gvs, Rb^Gvs, Re^Eff, Re^Eff, Re, Re, Rb^Gvs, Rb^Gvs, Rb^Gvs, Rb^Gvs, Rb^Gvs, Rb^Gvs, Rb^Gvs, Rb^Gvs, Rb^Gvs, Rb^Gvs, Ch^Qhux, Re, Ch, Ch, Ch, Re, Ch^Qhux, Gs^Fds, Gs^Fms, Rb^Gvs, Rb^Gvs, Rb^Gvs, Rb^Gvs, Rb^Gvs, Rb^Gvs, Re, Gs^Fds, Gs^Fds, Re^Eff, Re^Eff, Rb^Gvs, Rb^Gvs, Re^Ecf, Re^Vct, Re^Edt, Re, Ce, Re^Edt, Re, Re^Ecf, Re^Vct, Gs^Fds, Gs^Fds
Gs^Fds, Gs^Fds, Gs, Gs^Fms, Gs, Rb^Gvs, Re, Re, Re^Eff, Re^Eff, Rb^Gvs, Rb^Gvs, Rb^Gvs, Rb^Gvs, Rb^Gvs, Rb^Gvs, Rb^Gvs, Re^Eff, Re, Rb^Gvs, Rb^Gvs, Rb^Gvs, Rb^Gvs, Rb^Gvs, Rb^Gvs, Rb^Gvs, Rb^Gvs, Rb^Gvs, Rb^Gvs, Ch^Qhux, Ch^Qhux, Re, Re, Re, Ch^Qhux, Ch^Qhux, Gs^Fms, Rb^Gvs, Rb^Gvs, Rb^Gvs, Rb^Gvs, Rb^Gvs, Re, Re, Rb^Gvs, Rb^Gvs, Rb^Gvs, Gs^Fds, Gs^Fds, Re^Eff, Re^Eff, Rb^Gvs, Rb^Gvs, Re^Vct, Rb^Gvs, Re, Re^Vct, Re^Vct, Gs^Fds, Rb^Gvs, Rb^Gvs, Rb^Gvs
Gll^Fp, Gg, Gs, Gs, Rb^Gvs, Rb^Gvs, Re, Re^Eff, Rb^Gvs, Rb^Gvs, Rb^Gvs, Rb^Gvs, Rb^Gvs, Rb^Gvs, Re, Rb^Gvs, Rb^Gvs, Rb^Gvs, Re, Gs^Fds, Rb^Gvs, Rb^Gvs, Rb^Gvs, Rb^Gvs, Rb^Gvs, Rb^Gvs, Rb^Gvs, Rb^Gvs, Rb^Gvs, Rb^Gvs, Rb^Gvs, Ch^Qhux, Ch^Qhux, Ch^Qhux, Rb^Gvs, Rb^Gvs, Re^Eff, Rb^Gvs, Rb^Gvs, Rb^Gvs, Re, Re, Rb^Gvs, Re, Re, Rb^Gvs, Re^Vhr, Rb^Gvs, Re^Eff, Re^Eff, Rb^Gvs, Re^Eff, Re^Eff, Rb^Gvs, Rb^Gvs, Rb^Gvs, Gs^Fds, Gs^Fms, Gs^Fds, Rb^Gvs, Rb^Gvs, Rb^Gvs
Gg, Gg, Gs, Gs, Re^Eff, Re^Eff, Re^Vhr, Rb^Gvs, Rb^Gvs, Rb^Gvs, Rb^Gvs, Rb^Gvs, Re, Re, Rb^Gvs, Re, Re, Rb^Gvs, Re, Gs^Fms, Gs^Fds, Rb^Gvs, Rb^Gvs, Rb^Gvs, Rb^Gvs, Rb^Gvs, Rb^Gvs, Rb^Gvs, Rb^Gvs, Rb^Gvs, Rb^Gvs, Rb^Gvs, Rb^Gvs, Rb^Gvs, Rb^Gvs, Rb^Gvs, Rb^Gvs, Re^Eff, Re, Re, Rb^Gvs, Rb^Gvs, Rb^Gvs, Rb^Gvs, Rb^Gvs, Re, Re, Re^Eff, Rb^Gvs, Rb^Gvs, Rb^Gvs, Rb^Gvs, Rb^Gvs, Re, Re^Eff, Re^Vhr, Rb^Gvs, Rb^Gvs, Rb^Gvs, Rb^Gvs, Rb^Gvs, Rb^Gvs
Gs^Fds, Gg, Gg, Gg, Gg, Re^Eff, Re^Eff, Rb^Gvs, Rb^Gvs, Rb^Gvs, Re, Re, Rb^Gvs, Rb^Gvs, Rb^Gvs, Rb^Gvs, Rb^Gvs, Re, Re, Gs^Fds, Re, Gs^Fds, Rb^Gvs, Rb^Gvs, Rb^Gvs, Rb^Gvs, Rb^Gvs, Rb^Gvs, Rb^Gvs, Rb^Gvs, Rb^Gvs, Rb^Gvs, Rb^Gvs, Rb^Gvs, Rb^Gvs, Rb^Gvs, Re, Re, Rb^Gvs, Re^Eff, Re^Eff, Rb^Gvs, Rb^Gvs, Rb^Gvs, Re^Eff, Re^Eff, Rb^Gvs, Re, Re, Rb^Gvs, Rb^Gvs, Rb^Gvs, Rb^Gvs, Rb^Gvs, Rb^Gvs, Re^Eff, Re^Eff, Rb^Gvs, Rb^Gvs, Rb^Gvs, Rb^Gvs, Rb^Gvs
Gs^Fds, Gs^Fds, Gs^Fds, Gg, Gg, Gs, Gs, Re^Eff, Re, Re, Rb^Gvs, Rb^Gvs, Rb^Gvs, Rb^Gvs, Rb^Gvs, Rb^Gvs, Rb^Gvs, Rb^Gvs, Rb^Gvs, Re^Vhr, Rb^Gvs, Re, Re, Re, Re, Rb^Gvs, Re, Re, Re, Rb^Gvs, Rb^Gvs, Rb^Gvs, Gs^Fds, Gs^Fds, Rb^Gvs, Re, Rb^Gvs, Rb^Gvs, Rb^Gvs, Rb^Gvs, Rb^Gvs, Re^Wm, Gs^Fds, Re^Eff, Rb^Gvs, Rb^Gvs, Rb^Gvs, Rb^Gvs, Rb^Gvs, Re, Re, Rb^Gvs, Rb^Gvs, Rb^Gvs, Re^Eff, Re^Eff, Rb^Gvs, Re^Eff, Re^Eff, Rb^Gvs, Rb^Gvs, Rb^Gvs
Gll^Fp, Gll^Fp, Gg, Gg, Gg, Gg, Gs, Re, Gs, Re^Eff, Re^Eff, Rb^Gvs, Rb^Gvs, Rb^Gvs, Rb^Gvs, Rb^Gvs, Rb^Gvs, Rb^Gvs, Rb^Gvs, Rb^Gvs, Rb^Gvs, Rb^Gvs, Rb^Gvs, Rb^Gvs, Rb^Gvs, Re, Rb^Gvs, Rb^Gvs, Rb^Gvs, Re^Vhr, Re, Re, Re, Gs^Fds, Gs^Fds, Re, Rb^Gvs, Rb^Gvs, Rb^Gvs, Rb^Gvs, Rb^Gvs, Rb^Gvs, Rb^Gvs, Gs^Fms, Gs^Fds, Rb^Gvs, Rb^Gvs, Rb^Gvs, Rb^Gvs, Rb^Gvs, Rb^Gvs, Re, Re, Re^Eff, Rb^Gvs, Rb^Gvs, Rb^Gvs, Rb^Gvs, Rb^Gvs, Re, Re^Eff, Rb^Gvs
Gll^Fp, Gs^Fds, Gll, Gg, Gll, Gg, Gg, Gg, Gg, Gs, Gg, Re^Eff, Re^Eff, Rb^Gvs, Rb^Gvs, Gs^Fds, Gs^Fds, Gs, Gs, Rb^Gvs, Rb^Gvs, Rb^Gvs, Rb^Gvs, Rb^Gvs, Rb^Gvs, Rb^Gvs, Rb^Gvs, Rb^Gvs, Rb^Gvs, Rb^Gvs, Rb^Gvs, Rb^Gvs, Rb^Gvs, Re, Re, Re, Re^Vhr, Rb^Gvs, Rb^Gvs, Rb^Gvs, Rb^Gvs, Rb^Gvs, Rb^Gvs, Rb^Gvs, Rb^Gvs, Gs^Fds, Gs^Fms, Rb^Gvs, Rb^Gvs, Rb^Gvs, Re^Eff, Re^Eff, Rb^Gvs, Re^Vhr, Re, Rb^Gvs, Rb^Gvs, Rb^Gvs, Rb^Gvs, Rb^Gvs, Rb^Gvs, Re^Eff
Gll^Fp, Gll^Fp, Gll^Em, Gll, Gll, Gll^Fp, Gll^Fp, Gg, Gs^Fms, Gg, Gll, Gg, Gg, Re^Eff, Re^Eff, Gs^Fds, Gs^Fds, Gs, Gs, Gs, Rb^Gvs, Rb^Gvs, Rb^Gvs, Rb^Gvs, Rb^Gvs, Rb^Gvs, Rb^Gvs, Rb^Gvs, Rb^Gvs, Rb^Gvs, Rb^Gvs, Rb^Gvs, Rb^Gvs, Gs^Fds, Gs^Fds, Re, Rb^Gvs, Rb^Gvs, Rb^Gvs, Rb^Gvs, Rb^Gvs, Rb^Gvs, Rb^Gvs, Rb^Gvs, Rb^Gvs, Rb^Gvs, Rb^Gvs, Gs^Fds, Re^Eff, Re^Eff, Rb^Gvs, Rb^Gvs, Rb^Gvs, Rb^Gvs, Re, Rb^Gvs, Rb^Gvs, Rb^Gvs, Rb^Gvs, Rb^Gvs, Rb^Gvs, Rb^Gvs
Gll^Fp, Gll^Em, Gll, Gll^Em, Gs^Fms, Gll^Fp, Gll^Fp, Gs^Fms, Gll^Em, Gll, Gll, Gg, Gs^Fms, Gll, Gll^Fp, Gll^Fp, Gs^Fms, Gs^Fds, Gll, Gs, Gs^Fds, Gs^Fds, Rb^Gvs, Rb^Gvs, Rb^Gvs, Rb^Gvs, Rb^Gvs, Rb^Gvs, Rb^Gvs, Rb^Gvs, Rb^Gvs, Rb^Gvs, Rb^Gvs, Rb^Gvs, Gs^Fds, Re, Rb^Gvs, Rb^Gvs, Rb^Gvs, Rb^Gvs, Rb^Gvs, Rb^Gvs, Rb^Gvs, Rb^Gvs, Rb^Gvs, Rb^Gvs, Re^Eff, Re^Eff, Rb^Gvs, Rb^Gvs, Rb^Gvs, Rb^Gvs, Rb^Gvs, Rb^Gvs, Re, Rb^Gvs, Rb^Gvs, Rb^Gvs, Rb^Gvs, Rb^Gvs, Rb^Gvs, Rb^Gvs
Gll^Fp, Gll^Fp, Gll^Fp, Gll^Fp, Gs^Fms, Gll^Fp, Gs^Fms, Gs^Fms, Gs^Fms, Gs^Fms, Gg, Gll, Gs^Fms, Gs^Fms, Gs^Fms, Gll^Fp, Gs^Fms, Gll, Gll, Gll, Gll^Fds, Gs^Fds, Rb^Gvs, Rb^Gvs, Rb^Gvs, Rb^Gvs, Rb^Gvs, Rb^Gvs, Rb^Gvs, Rb^Gvs, Rb^Gvs, Rb^Gvs, Rb, Rb^Gvs, Gs^Fds, Re, Rb^Gvs, Rb^Gvs, Rb^Gvs, Rb^Gvs, Rb^Gvs, Rb^Gvs, Rb^Gvs, Rb^Gvs, Re^Eff, Re^Eff, Rb^Gvs, Rb^Gvs, Rb^Gvs, Rb^Gvs, Rb^Gvs, Rb^Gvs, Rb^Gvs, Rb^Gvs, Re, Rb^Gvs, Rb^Gvs, Rb^Gvs, Rb^Gvs, Rb^Gvs, Rb^Gvs, Rb^Gvs
