Gg, Gg, Hh, Hh, Hh, Hh, Hh, Hh, Hh, Hh, Hh, Hh, Hh, Hh, Hh^Fds, Hh, Hh, Hh, Hh, Hh, Hh, Hh, Hh, Hh, Hh, Gg, Gll^Fds, Gll^Fds, Gll^Fds, Gg, Hh, Hh, Hh, Hh, Hh, Hh, Hh, Hh, Hh, Hh, Hhd, Gg, Gg, Gg, Gg, Gg, Gg, Gg, Rb^Edt, Gg^Edt, Gg^Edt, Gg, Re^Edt, Re^Edt, Gg, Gs^Fds, Gs^Fms, Gll^Fms, Gg, Gg, Gg, Gg
Gs, Hh, Gs^Es, Hh, Gs, Hh, Hh, Hhd, Hhd, Hhd, Hhd, Gg^Es, Gg^Es, Gll^Fds, Gll^Fds, Hhd, Gg^Es, Hh, Hh, Hh, Hh, Gll^Fds, Hhd, Hhd, Hh, Hh, Gll^Fds, Gll^Fds, Gll^Fds, Hh, Gg, Hh, Hh, Hh, Gg, Hh, Gg, Hh, Gg, Hhd, Gg, Gg, Re^Vct, Gg, Re, Gg, Re^Vct, Re^Vct, Co, Rb^Edt, Rb^Edt, Re^Edt, Gg^Edt, Gg^Edt, Gg^Fms, Gs^Fds, Gll^Fms, Gs^Fds, Gg, Gg, Gg, Gg
Gs^Es, Gs^Es, Gs^Es, Gs^Es, Gg, Gg^Es, Gg^Es, Gs^Es, Gg^Es, Hh, Gg, Hh, Gg^Es, Gg, Gg, Hhd, Gg^Es, Gg^Es, Gg, Hh, Gg, Gg, Gg^Es, Gg, Gg, Hh, Gg, Gll^Fds, Gg, Gg, Gg, Gg, Gg, Gg, Gg, Gg, Gs^Fds, Gg, Gs^Fds, Gg, Gs^Fds, Gg, Gg, Re^Vct, Re^Edt, Re, Co, Co, Co, 2 Ko, Co, Rb^Edt, Rb^Edt, Gg, Gs^Fms, Gs^Fds, Gg^Em, Gg, Gg, Gg, Gg, Gg
Hh, Hhd, Hhd, Hh, Gg, Gg, Gs^Fds, Gg, Gg, Gg, Gg, Gg, Gg, Gg, Gs, Gs, Gs, Gg, Gll^Fds, Gg, Hh, Gg^Es, Hhd, Gg, Gg, Gg, Gg, Gg, Gg^Eff, Gg^Eff, Gs^Eff, Gg, Gg, Gg, Gg, Gg, Gg, Gs^Fds, Gs^Fds, Gs^Fds, Gg, Gs^Fds, Gg, Gg, Gg^Edt, Re^Vct, Re^Vct, Rb^Ecf, Rb^Ecf, Co, Co, Co, Rb^Edt, Gg, Gg, Gg, Gg, Gg, Gs^Fds, Gg, Gg, Gg
Hh, Hh, Gll^Fds, Hh, Gg, Gs^Fds, Gll^Fds, Hh^Fds, Hhd, Hh, Gg, Gg, Gg, Gg, Gg, Gg, Gg, Gg, Hh, Hh, Hh, Hhd, Hhd, Hh, Hh, Gg, Gs^Eff, Gg^Eff, Re^Gvs, Re^Gvs, Re^Gvs, Gs^Eff, Gd^Vhr, Gg, Gg, Gg, Gg, Gs^Fms, Gg, Gg, Gg, Gg, Gg, Gg, Gg^Edt, Re^Vct, Re^Edt, Rb^Ecf, Re^Vct, Co, Re^Vct, Re^Vct, Gg^Edt, Gg, Gg, Gg, Gg^Em, Gg^Fds, Gg^Fms, Gg^Em, Gg, Gg
Gg, Gg, Gg, Gg, Hh, Hh, Hh, Hhd, Hhd, Gg, Gg, Gg, Gg, Gg, Gg, Gg, Gs^Eff, Gg, Re^Gvs, Re^Gvs, Re^Gvs, Gg, Gg, Gg, Gg, Gs^Eff, Re^Gvs, Re^Gvs, Re^Gvs, Re^Gvs, Re^Gvs, Re^Gvs, Re^Gvs, Gs, Gs, Gg, Gg, Gg, Gg, Gg, Gg, Gg, Re, Gg, Re^Edt, Re^Edt, Re^Edt, Re^Vct, Re^Vct, Rb, Re, Re^Edt, Gg, Gg, Gg, Gg, Gs^Fds, Gs^Fds, Gs^Fds, Gg^Fms, Re^Gvs, Gg
Gg, Gg^Es, Gg, Gg, Gg, Gg, Gg^Es, Hh, Gs^Es, Hh, Gg^Es, Gg, Gg, Gg, Gs^Eff, Gs^Eff, Re^Gvs, Re^Gvs, Re^Gvs, Re^Gvs, Re^Gvs, Gg, Ch^Qhux, Gg, Re^Gvs, Re^Gvs, Re^Gvs, Re^Gvs, Re^Gvs, Re^Gvs, Re^Gvs, Re^Gvs, Re^Gvs, Re^Gvs, Ch^Qhux, Gg, Gg, Gg, Gg, Gg, Re, Re, Gs, Re, Gs^Eff, Gs, Gg, Gg, Gg, Gg, Gg, Re^Vct, Re^Vct, Gg, Gg, Gg, Gg^Eff, Gll^Fms, Re^Gvs, Re^Gvs, Re^Gvs, Re^Gvs
Gg^Es, Gg^Es, Hh, Gs, Gg, Gg, Gs, Gs^Es, Gg, Hh, Hh, Gg, Gd^Vhr, Gs^Eff, Re^Gvs, Re^Gvs, Re^Gvs, Re^Gvs, Re^Gvs, Re^Gvs, Ch^Qhux, Ch^Qhux, Rr, Ch^Qhux, Ch^Qhux, Re^Gvs, Re^Gvs, Re^Gvs, Re^Gvs, Re^Gvs, Re^Gvs, Re^Gvs, Ch^Qhux, Ch^Qhux, Rr^Edt, Ch^Qhux, Xos, Gg, Gg, Re, Gg, Gs, Gs^Eff, Gs^Eff, Re^Gvs, Re^Gvs, Re^Gvs, Gll^Fmf, Re^Gvs, Re^Gvs, Re^Gvs, Gg, Gg, Gg, Gg^Eff, Gg^Eff, Re^Gvs, Re^Gvs, Re^Gvs, Re^Gvs, Re^Gvs, Re^Gvs
Hh, Hh, Hhd, Gs^Es, Hh, Gg, Gg, Gs, Gg, Gg, Gg, Gg, Re^Gvs, Re^Gvs, Re^Gvs, Re^Gvs, Re^Gvs, Re^Gvs, Ch^Qhux, Ch^Qhux, Rr, Rr, Rr^Vhc, Rr, Rr^Edt, Ch^Qhux, Ch^Qhux, Re^Gvs, Re^Gvs, Re^Gvs, Ch^Qhux, Ch^Qhux, Rr, Rr, Rr, Rr, Rr, Rr^Pr\, Rr^Pr\, Re, Gg, Gg, Re^Gvs, Re^Gvs, Re^Gvs, Re^Gvs, Re^Gvs, Gs, Re^Gvs, Re^Gvs, Re^Gvs, Re^Gvs, Re^Gvs, Gg, Gg, Gg^Eff, Gg, Re^Gvs, Re^Gvs, Re^Gvs, Re^Gvs, Re^Gvs
Hh, Hhd, Hh, Hh, Hh, Gg, Gg, Gg, Gg, Gg, Gs^Eff, Gg, Re^Gvs, Re^Gvs, Re^Gvs, Re^Gvs, Ch^Qhux, Ch^Qhux, Rr, Rr, Rr, Rr, Rr^Es, Rr^VjB, Rr^Es, Rp, Rr, Ch^Qhux, Ch^Qhux, Ch^Qhux, Rr^Edb, Rr, Rr, Rr, Rr^VjB, Rr, Isa, Isa, Rr, Rr^Pr\, Xos, Gg, Gs, Re^Gvs, Re^Gvs, Re^Gvs, Gg, Gg, Gg, Re^Gvs, Re^Gvs, Re^Gvs, Re^Gvs, Re^Gvs, Gg, Gg, Gg, Gd^Vhr, Re^Gvs, Re^Gvs, Re^Gvs, Re^Gvs
Hh, Hh, Gg^Es, Hh, Gg, Gg, Gg, Gd^Vhr, Re^Gvs, Re^Gvs, Re^Gvs, Gs^Eff, Gg, Re^Gvs, Ch^Qhux, Ch^Qhux, Rr, Rr, Rr, Ch, Rr, Rr, Rr, Rr^VjA, Ch, Rr, Rr, Rr, Rr, Rr, Rr^Xo, Rp, Rr^Vhc, Rr^Fms, Isa, Isa, Rp, Rr, Rr, Rp^Edt, Rr^Es, Ch^Qhux, Ch^Qhux, Gs, Gg, Gg, Ch^Qhux, Ch^Qhux, Ch^Qhux, Gs, Gs, Re^Gvs, Gs, Gs, Gs^Fds, Gg, Re^Gvs, Gg, Gs, Re^Gvs, Gg, Gg
Gg, Gg^Es, Gg^Es, Gg, Gll^Fms, Gg, Gs^Fds, Gg, Re^Gvs, Re^Gvs, Re^Gvs, Re^Gvs, Gg, Ch^Qhux, Rr, Rr, Kh, Rr^Vhc, Ch, Rr, Ch, Rr^Edb, Rr^Vhc, Isa, Rr, Ch, Rr, Rr^VjB, Rp^Edt, Rr^Dr, Isa, Rr^VjB, Isa, Isa, Rr^VjD, Isa, Isa, Rr^Vhc, Rr^VjC, Rr^Edb, Rr, Rr^Edb, Rr, Ch^Qhux, Ch^Qhux, Ch^Qhux, Rr, Rr, Rr, Ch^Qhux, Ch^Qhux, Gg, Gg, Gs^Fds, Re^Gvs, Re^Gvs, Re^Gvs, Gs, Gg, Gg^Em, Gs^Fms, Gs^Fms
Gg, Gg^Es, Gs^Fds, Gs^Fds, Gs^Fds, Gs^Fds, Gs^Fds, Re^Gvs, Re^Gvs, Re^Gvs, Re^Gvs, Re^Gvs, Gg, Ch^Qhux, Rr, 7 Kh, Kh, Ch, Rr^Vhc, Rr, Ch, Rr^Fds, Rr^VjA, Isa, Rr, Ch, Rr, Rp^Xo, Rr^Vhc, Isa, Ch, Isa, Isa, Rr^VjA, Rr, Rr, Rr^VjB, Isa, Isa, Rr^Fms, Rr^Fds, Rr, Rp, Rr, Rr, Rr, Ch, Ch, Ch, Rr, Ch^Qhux, Gg, Gg, Re^Gvs, Re^Gvs, Re^Gvs, Re^Gvs, Gg, Gg, Gll^Fms, Gs^Fms, Gs^Fds
Gg, Gg, Gg, Gg^Fms, Gs^Fds, Gll^Fms, Gg, Re^Gvs, Re^Gvs, Re^Gvs, Re^Gvs, Re^Gvs, Gg, Ch^Qhux, Rr, Kh, Ch, Ch, Isa, Rr^Edt, Ch, Rr^Fms, Isa, Isa, Rr, Rr^VjB, Rr, Rr^VjB, Rr^VjA, Isa, Isa, Isa, Isa, Rr^Edb, Rr, Rr, Isa^Dr, Rr^VjB, Isa, Isa, Isa, Rr^VjB, Rr^VjA, Rp, Rr, Rr^Vhc, Ch, 6 Kh, Ch, Rp, Ch^Qhux, Gg, Re^Gvs, Re^Gvs, Re^Gvs, Re^Gvs, Re^Gvs, Gg, Gg, Gg^Em, Gll^Fms, Gs^Fds
Gg, Gg, Gg, Hh, Hh, Hh, Hh, Gg, Hh, Re^Gvs, Gs^Fds, Gg, Gg, Ch^Qhux, Rr, Rr^Vhc, Ch, Rr^Vhc, Rr, Isa, Isa, Isa, Rr, Rr^VjD, Rr, Rr^VjF, Rr, Rp, Isa, Isa, Rr^Xo, Rr^VjB, Isa, Rr^Vhc, Rr, Isa, Ch, Isa^Xo, Rr, Rr^VjG, Rr^VjA, Isa, Isa, Rr, Isa, Isa, Rr, Ch, Rr^Vhc, Rr, Ch^Qhux, Gg, Gg, Re^Gvs, Re^Gvs, Re^Gvs, Re^Gvs, Gd^Vhr, Gg, Gg, Gg, Gg
Gs^Fds, Gs^Fds, Hh, Hh, Hh, Hh^Fds, Hh, Hh, Gg, Gs^Fms, Gg, Gg, Ch^Qhux, Ch^Qhux, Rr, Rr, Rp, Rr, Ch, Ch, Rr^Edb, Isa, Isa, Rr^Es, Ch, Ch, Rr, Rr, Isa, Rr^Xo, Rr, Rr^VjB, Isa, Rr^VjB, Isa, Isa, Isa, Isa^Xo, Isa, Rr^Xo, Rr^VjB, Rr^Vhc, Isa, Isa, Isa, Rr, Rr^VjB, Rr^Edb, Rr, Rr, Ch^Qhux, Gg, Gg, Re^Gvs, Re^Gvs, Re^Gvs, Gs^Eff, Gg, Re^Gvs, Gs, Re^Gvs, Gg
Gg, Gs^Fds, Gg, Hh, Gs^Fds, Hh, Gs^Fds, Hh, Re^Gvs, Gg, Gg, Ch^Qhux, Rr, Rr, Rr, Ch, Rr, Ch, Rr^Fds, Rr^Fds, Isa, Isa, Ch, Isa, Isa, Rr^Edb, Rr, Rr^VjB, Rr^VjDr, Isa, Rp^Fds, Rr, Isa, Isa, Rr^Fms, Rp^Edt, Rr, Rr, Rr^VjB, Isa, Isa, Isa, Rr^VjA, Rr^VjA, Isa, Isa, Isa, Rr^Vhc, Rr, Rr, Ch^Qhux, Gg, Gg, Gg, Gg, Gs^Eff, Re^Gvs, Re^Gvs, Re^Gvs, Re^Gvs, Re^Gvs, Re^Gvs
Re^Gvs, Gg, Re^Gvs, Gg^Eff, Gg^Eff, Gg, Gg, Gs^Fds, Re^Gvs, Re^Gvs, Re^Gvs, Ch^Qhux, Rr^VjD, Rr^Vhc, Isa, Isa, Isa, Rr, Isa, Isa, Rr^Vhc, Ch, Rr, Rr^Es, Rr, Isa, Isa, Rr^VjA, Isa^Dr, Isa^Xo, Rr, Rr, Isa, Rr, Rr, Rr^Fds, Rr, Rr^VjA, Isa, Isa, Rr^Vhc, Rr, Isa, Isa, Isa^Dr, Rr^VjB, Rr^VjA, Isa, Re^Vh, Rr, Rr, Ch^Qhux, Ch^Qhux, Gg, Re^Gvs, Re^Gvs, Re^Gvs, Re^Gvs, Re^Gvs, Re^Gvs, Re^Gvs, Re^Gvs
Re^Gvs, Re^Gvs, Re^Gvs, Re^Gvs, Re^Gvs, Gg, Gs^Fds, Gg, Re^Gvs, Re^Gvs, Re^Gvs, Ch^Qhux, Rr, Isa, Rr^VjC, Rr^VjB, Ch, Isa, Ch, Rr^VjB, Isa, Rr, Rr, Rr, Rr^Edb, Rr, Isa, Isa^Dr, Isa^Dr, Rr^Edt, Rr^Vhc, Rr^VjB, Isa, Rr^Vhc, Rr^VjB, Rr, Isa, Isa, Rr^Edt, Rr^VjB, Isa^Xo, Isa, Isa, Ch, Isa^Xo, Rr^Dr, Rr^Xo, Re, Rr^Edb, Rr, Rr, Rr^Edb, Ch^Qhux, Gg, Gg, Re^Gvs, Re^Gvs, Re^Gvs, Re^Gvs, Re^Gvs, Gg^Eff, Gg
Re^Gvs, Re^Gvs, Re^Gvs, Re^Gvs, Re^Gvs, Gs^Fds, Gs^Fds, Re^Gvs, Re^Gvs, Re^Gvs, Re^Gvs, Ch^Qhux, Rr, Isa, Isa, Isa, Isa, Ch, Rr, Rr, Rr, Isa, Rr^VjB, Rr^Vhc, Isa, Isa^Xo, Ch, Ch, Rr, Isa, Isa, Isa, Ce, Isa, Isa, Isa, Rr, Rr^Es, Rr^Es, Rr, Isa, Re, Re^VjJ, Isa, Rr, Rr^Xo, Re^Vh, Re, Re^VjM, Re, Re, Rr, Ch^Qhux, Gg, Gg, Re^Gvs, Re^Gvs, Re^Gvs, Gs, Gs^Eff, Gg, Gg
Re^Gvs, Re^Gvs, Re^Gvs, Re^Gvs, Re^Gvs, Gs, Gs, Re^Gvs, Re^Gvs, Re^Gvs, Re^Gvs, Ch^Qhux, Rr, Isa, Rr^VjB, Rr^Vhc, Isa, Rr^Edb, Rr, Rr, Rr, Isa, Isa, Isa, Kh, Rr^Dr, Rr, Rr, Rr, Rr^VjA, Isa, Ce, 1 Ce^Kov, Ce, Isa, Rr^Vhc, Rr, Rr, Ch, Ch, Isa, Rr, Re, Rr^Fds, Re, Rr, Re^VjH, Re^VjP, Rr, Rr, Re^VjN, Rr, Ch^Qhux, Gg, Gg, Re^Gvs, Gs^Fds, Gs^Fds, Gg, Gg, Ww, Gg
Re^Gvs, Re^Gvs, Re^Gvs, Re^Gvs, Re^Gvs, Gs, Gs^Eff, Re^Gvs, Re^Gvs, Re^Gvs, Gs, Ch^Qhux, Ch^Qhux, Rr, Rr, Rp, Isa, Rr, Rr^Vhc, Rr^VjC, Isa, Isa, Isa, Ch, Rp, Rr^Xo, Rr^VjB, Rr^Fms, Rr, Rr^Vhc, Isa, Ce, Ce, Ce, Isa, Rr^VjEr, Rp, Rr, Isa, Isa, Rr, Rr^Edb, Re^VjJ, Re^VjO, Rr^Es, Re, Rp^Edt, Rr, Re^VjK, Re, Rp, Rr^Edb, Ch^Qhux, Gg, Gg, Gg, Gg, Gg, Ww, Ww, Gg, Ww
Gg, Re^Gvs, Re^Gvs, Re^Gvs, Gg, Gd^Vhr, Gg^Edt, Gs^Eff, Gs^Eff, Gs, Re^Gvs, Re^Gvs, Re^Gvs, Ch^Qhux, Xos, Rr, Rr^Es, Isa, Isa, Isa, Ch, Ch, Rr, Isa, Isa, Isa, Isa, Rr, Isa, Rr, Rr^VjD, Isa, Isa, Isa, Rr^Vhc, Isa, Isa, Isa, Ch, Kh, Rr, Rr^Xo, Re^Vh, Rr, Rr^Xo, Rr^Xo, Re^VjM, Re^VjK, Re^Vh, Rr, Rr, Rr, Ch^Qhux, Gg, Gg, Gg, Gg, Ww, Wo, Ww, Gs^Fms, Gg
Gg, Gg, Gg, Gg, Gg, Gg^Edt, Gs^Eff, Gs^Eff, Re^Gvs, Re^Gvs, Re^Gvs, Re^Gvs, Re^Gvs, Re^Gvs, Re^Gvs, Rr^Pr\, Rr^Pr\, Isa, Rr, Rr, Rr, Isa, Isa, Rr, Rr^VjB, Rr, Rr, Isa, Rr^VjA, Isa, Rr^Fds, Rr^Vhc, Isa, Rr^VjF, Rp, Rr, Rr^Edb, Isa, Isa, Rr, Rr^Xo, Rr^Dr, Re, Re, Re^VjK, Re, Rr, Rr, Re, Rr, Ch^Qhux, Ch^Qhux, Gg, Gg, Gg, Gg, Gg, Ww, Gs^Fds, Ww, Gs^Fds, Gs^Fds
Gg, Gg, Gs^Fms, Gs^Fds, Gg, Gg, Gs, Gg, Gg, Re^Gvs, Re^Gvs, Re^Gvs, Re^Gvs, Re^Gvs, Re, Re, Gs, Rr^Pr\, Xos, Rr, Rr^Es, Rp, Isa, Rr^VjD, Rr^Vhc, Rr, Isa, Rr^VjEr, Rr^VjD, Isa, Rr, Rr, Isa, Rr, Rr, Ch, Rr, Rr^Vhc, Rr^VjF, Isa, Isa, Rr^Xo, Rr, Re^VjN, Rr, Re, Re, Rr, Re^Vh, Rp^Edt, Ch^Qhux, Gg, Gg, Gg, Gs^Fds, Gg, Gg^Fms, Gs^Fds, Gs^Fms, Gs^Fds, Gll^Fms, Gs^Fms
Gg^Fms, Gg, Gg, Gg, Re^Vct, Gg, Gg, Gg, Gg^Eff, Re^Gvs, Re^Gvs, Re^Gvs, Re^Gvs, Re^Gvs, Re, Gs, Gg, Gg, Gg, Ch^Qhux, Ch^Qhux, Rr, Rr^Edt, Isa, Isa, Isa, Ch, Isa^Xo, Rr^Dr, Isa^Xo, Isa, Isa, Isa, Rr^VjB, Isa, Rr^Es, Isa, Rr, Rr^Es, Rr^Vhc, Rr, Isa, Isa, Rr, Ch, Re^Xo, Re^VjO, Re^VjO, Rr, Rp, Ch^Qhux, Gg, Gg, Gs^Fds, Re^Gvs, Gg, Re^Gvs, Gg, Gg, Gs^Fms, Gs^Fds, Gs^Fds
Gs^Fds, Gs^Fds, Gg, Gg, Re^Ecf, Re^Vct, Gs, Gg, Gs, Gg^Eff, Re, Re, Re, Re, Gg, Gll^Fms, Gs^Fds, Gs^Fms, Gg, Gg, Gg, Ch^Qhux, Ch^Qhux, Rr, Rp^Edt, Isa, Isa, Isa, Isa, Isa^Xo, Ch, Rr, Isa, Rr^VjA, Rr, Isa, Rr^VjB, Isa, Isa, Isa, Isa, Isa, Ch, Isa, Isa, Re, Rr^Fds, Rr^Fds, Rr^Edt, Rr, Ch^Qhux, Gg, Gg, Gg, Re^Gvs, Re^Gvs, Re^Gvs, Re^Gvs, Gs^Wm, Gll^Fms, Gll^Fms, Gs^Fds
Gs^Fds, Gs^Fds, Gs^Fms, Gg, Re^Vct, Re, Gs, Gs, Re, Re, Gs, Gs^Vc, Gs, Gg, Gll^Fms, Gs^Fms, Gg, Gg, Gg, Gg, Ch^Qhux, Ch^Qhux, Rr, Rr, Rr^VjA, Rr^Vhc, Isa, Isa, Rp, Rr, Rr, Kh, Isa, Rr^Vhc, Rr^Dr, Isa^Xo, Rr^VjD, Rr^VjA, Isa, Rr, Re^VjN, Rp^Edt, Rr, Rr, Re, Isa, Isa, Rr, Rr, Rr^Edb, Xos, Gg, Gg, Re^Gvs, Re^Gvs, Re^Gvs, Re^Gvs, Re^Gvs, Re^Gvs, Gs, Gg, Gs^Fds
Gg, Gs^Fms, Ce, Ce, Re, Re^Vct, Re, Re, Gs, Gs, Gg, Gs, Gg, Gg, Gg, Gs^Fds, Gg, Gg, Ch^Qhux, Ch^Qhux, Rr, Rr, Rr^VjC, Rr^Edb, Isa, Isa, Rr^VjB, Rr^VjB, Rr, Rr^Xo, Rr^VjG, Rp, Isa, Rr^Xo, Rr^Xo, Isa^Dr, Isa, Rr^VjB, Re, Re^VjO, Re, Rr, Rr^Edb, Rr, Re, Rr, Rr, Isa, Rr^Pr/, Rr^Pr/, Gg, Gg, Re^Gvs, Re^Gvs, Re^Gvs, Re^Gvs, Re^Gvs, Re^Gvs, Re^Gvs, Gg, Gg, Gg
Gg, Gg^Edt, Re^Edt, Ce, Ce, Re, Re^Edt, Gs, Re^Vct, Gg, Gg, Gg, Gs, Gg, Gg, Gg, Ch^Qhux, Ch^Qhux, Rr^Es, Rr, Rr, Rr^VjA, Isa, Isa, Rr^Vhc, Rr, Rr, Rr^Fms, Rp^Xo, Rr^VjDr, Rr^VjF, Rr, Isa, Rr, Rr^VjB, Rr^Dr, Rr^Xo, Isa, Re^Vh, Re, Re, Re^Vh, Re^VjK, Re^VjK, Rr, Rr, Xos, Rr^Pr/, Gg, Re, Re, Gg, Re^Gvs, Re^Gvs, Re^Gvs, Re^Gvs, Re^Gvs, Re^Gvs, Gs, Gs, Re^Gvs, Re^Gvs
Gg, Re, Re, 4 Ke, Ce, Re^Vct, Re^Vct, Re, Re^Ecf, Re^Vct, Re^Gvs, Re^Gvs, Re^Gvs, Gg, Gg, Ch^Qhux, Ch^Qhux, Rr, Rr, Rr^Es, Rr^VjG, Isa, Rr, Rr^VjA, Rr^Fds, Rr^Fms, Rr^VjA, Rr, Rr^Dr, Rr^Xo, Rr, Isa, Ch, Isa, Rr^Vhc, Rr^VjB, Isa, Isa, Re^VjP, Re^VjH, Rr, Rr, Rr, Rr, Ch^Qhux, Ch^Qhux, Gg, Gg, Gg, Gg, Re, Gg^Eff, Gg^Eff, Re^Gvs, Re^Gvs, Re^Gvs, Re^Gvs, Re^Gvs, Gg^Eff, Gg^Eff, Re^Gvs, Re^Gvs
Re, Re^Edt, Re^Edt, Re^Edt, Ce, Ce, Re^Edt, Re, Gg, Re^Gvs, Re^Gvs, Re^Gvs, Re^Gvs, Re^Gvs, Re^Gvs, Gg, Gg, Ch^Qhux, Ch^Qhux, Rr, Rr, Rr, Rr^Es, Rp, Rr, Rr, Rr^VjB, Rr^VjD, Rp, Rr^Dr, Rr^Xo, Isa, Isa, Isa, Isa, Isa, Rr^Edb, Rr, Rr, Rr^Es, Rp^Edt, Rr, Ch^Qhux, Ch^Qhux, Gg, Gg, Gg, Gg, Re^Gvs, Gg^Eff, Gs^Eff, Re, Re, Gs^Eff, Gs, Re^Gvs, Re^Vct, Re^Vct, Gg, Re^Gvs, Re^Gvs, Re^Gvs
Re, Gg, Gg, Re^Edt, Re, Re^Edt, Gg^Edt, Re^Vct, Re^Vct, Gg, Gg^Eff, Re^Gvs, Re^Gvs, Re^Gvs, Re^Gvs, Re^Gvs, Re^Gvs, Gg, Gg, Ch^Qhux, Ch^Qhux, Rr, Ch^Qhux, Ch^Qhux, Ch^Qhux, Rr, Rr^Edt, Rp, Rp, Rr^VjDr, Rr^Vhc, Rr^Fds, Isa, Rr^Fds, Rr, Isa, Rr, Rr^Edt, Rr, Rr, Ch^Qhux, Ch^Qhux, Gg, Gg, Gg, Gg, Re^Gvs, Re^Gvs, Re^Gvs, Re^Gvs, Re^Gvs, Gs^Eff, Gg, Re, Re, Gg, Gg^Edt, Re^Ecf, Gs, Re^Gvs, Re^Gvs, Re^Gvs
Gg, Gg, Gg, Gg, Re^Vct, Re^Ecf, Re, Gg, Gg, Gg, Gg, Gg^Eff, Gg^Eff, Re^Gvs, Re^Gvs, Re^Gvs, Re^Gvs, Re^Gvs, Gg, Gg, Gg, Ch^Qhux, Gg, Gg, Gg, Ch^Qhux, Ch^Qhux, Rr^Es, Rr^Es, Rr^VjB, Rr, Rr, Isa, Rr, Rr, Rr^VjB, Rr, Rr^Edb, Ch^Qhux, Ch^Qhux, Gg, Gg, Re^Gvs, Re^Gvs, Re^Gvs, Gs, Gs, Re^Gvs, Re^Gvs, Re^Gvs, Re^Gvs, Re^Gvs, Gs, Re, Re, Gg^Edt, Re^Vct, Re^Vct, Gs^Edt, Re^Gvs, Re^Gvs, Re^Gvs
Gg, Gg, Gg, Gg, Gg, Re^Vct, Gg, Gg, Gs^Fds, Gs^Fms, Gs, Gg, Gg^Edt, Gg^Eff, Gg, Re^Gvs, Gll^Fms, Gg, Re^Gvs, Gg, Re^Gvs, Gg, Re^Gvs, Re^Gvs, Re^Gvs, Gg, Gg, Ch^Qhux, Ch^Qhux, Rr, Rr, Rr, Isa, Rp, Rp, Rr, Ch^Qhux, Ch^Qhux, Gg, Gg, Re^Gvs, Re^Gvs, Re^Gvs, Re^Gvs, Re^Gvs, Re^Gvs, Re^Gvs, Gs^Edt, Gs^Edt, Gd^Vhr, Re^Gvs, Gs^Edt, Re^Ecf, Gg^Edt, Gg^Edt, Re, Re, Re^Edt, Ce, Re^Gvs, Re^Gvs, Re^Gvs
Gll^Fms, Gg, Gs^Fds, Gg, Gg, Gg, Gg, Gg, Re^Gvs, Gs, Gg, Gg^Edt, Gd^Vhr, Re^Gvs, Re^Gvs, Re^Gvs, Re^Gvs, Gs^Fms, Gs, Re^Gvs, Re^Gvs, Re^Gvs, Re^Gvs, Re^Gvs, Re^Gvs, Re^Gvs, Re^Gvs, Gg, Gg, Ch^Qhux, Rr, Rr^Vhc, Ch, Rr^Vhc, Rp, Ch^Qhux, Gg, Gg, Re^Gvs, Re^Gvs, Re^Gvs, Re^Gvs, Re^Gvs, Re^Gvs, Re^Gvs, Re^Gvs, Re^Gvs, Gs^Edt, Re^Gvs, Re^Gvs, Re^Gvs, Re^Gvs, Re^Vct, Re^Vct, Re, Re, Ce, Ce, Ce, Ce, Re, Re^Gvs
Gs^Fds, Gs^Fds, Gs^Fds, Gs^Fds, Gg, Gg, Re^Gvs, Re^Gvs, Re^Gvs, Re^Gvs, Gs^Eff, Gg^Edt, Re^Gvs, Re^Gvs, Re^Gvs, Re^Gvs, Re^Gvs, Gs, Gs^Wm, Re^Gvs, Gg^Eff, Re^Gvs, Re^Gvs, Re^Gvs, Re^Gvs, Re^Gvs, Re^Gvs, Gg, Gg, Ch^Qhux, Rr, Ch, 5 Kh, Ch, Rr, Ch^Qhux, Gg, Re^Gvs, Re^Gvs, Re^Gvs, Re^Gvs, Re^Gvs, Re^Gvs, Re^Gvs, Re^Gvs, Re^Gvs, Gg^Eff, Re^Gvs, Re^Gvs, Re^Gvs, Re^Gvs, Re^Gvs, Gg^Edt, Re, Ce, Ce, Ce, 3 Ke, Re^Vct, Re^Vct, Re^Vct, Gg
Gs^Fds, Gs^Fms, Gs^Fds, Gll^Fms, Gg, Re^Gvs, Re^Gvs, Re^Gvs, Gg^Eff, Gs^Eff, Re^Gvs, Re^Gvs, Re^Gvs, Re^Gvs, Re^Gvs, Re^Gvs, Gg^Eff, Gg, Re^Gvs, Gg, Re^Gvs, Gg^Eff, Gg, Re^Gvs, Re^Gvs, Re^Gvs, Re^Gvs, Gg, Gg, Ch^Qhux, Rr, Ch, Ch, Ch, Rr, Ch^Qhux, Gg, Gg, Gs^Eff, Re^Gvs, Re^Gvs, Re^Gvs, Re^Gvs, Re^Gvs, Gg^Eff, Gg^Eff, Re^Gvs, Re^Gvs, Re^Gvs, Re^Gvs, Gg, Gg, Gg, Re, Re, Ce, Re^Vct, Re^Vct, Re^Edt, Re^Vct, Gg^Edt, Gg
Gg, Gs^Fds, Gg, Gll^Fms, Gg, Gg, Gg, Gg, Gg, Gg, Gg, Re^Gvs, Re^Gvs, Re^Gvs, Gg^Eff, Gg^Eff, Re^Gvs, Re^Gvs, Re^Gvs, Re^Gvs, Re^Gvs, Re^Gvs, Re^Gvs, Re^Gvs, Gg, Re^Gvs, Gs^Eff, Gg, Gg, Ch^Qhux, Ch^Qhux, Rr, Rr, Rp, Ch^Qhux, Ch^Qhux, Gg, Gg, Gg, Gs^Eff, Gg^Eff, Re^Gvs, Gs^Eff, Gg^Eff, Re^Gvs, Gg^Eff, Gg^Eff, Re^Gvs, Re^Gvs, Re^Gvs, Gll^Fms, Gg, Re^Vct, Re^Vct, Re^Edt, Re^Edt, Re^Vct, Re^Vct, Re^Ecf, Re^Edt, Gg, Gg
Gg, Gg, Gg, Gg, Gg, Gg^Edt, Gg^Edt, Re^Gvs, Re^Gvs, Re^Gvs, Re^Gvs, Gg^Eff, Gg^Eff, Gg, Gg, Gg, Re^Gvs, Re^Gvs, Re^Gvs, Re^Gvs, Re^Gvs, Re^Gvs, Re^Gvs, Gg, Gg^Eff, Gs^Eff, Re^Gvs, Re^Gvs, Re^Gvs, Gg, Gg, Ch^Qhux, Ch^Qhux, Ch^Qhux, Gg, Gg, Re^Gvs, Re^Gvs, Re^Gvs, Gg, Gll^Fms, Gs^Eff, Re^Gvs, Re^Gvs, Re^Gvs, Re^Gvs, Re^Gvs, Gs^Eff, Gs^Eff, Re^Gvs, Gs^Fds, Gs^Fds, Re, Re^Ecf, Gg, Gg^Edt, Gg, Gg, Gg^Eff, Re, Re, Gg
Gs, Gs, Gs, Gs, Gg, Gg^Edt, Gd^Vhr, Re^Gvs, Re^Gvs, Re^Gvs, Re^Gvs, Re^Gvs, Re^Gvs, Gg^Eff, Gs, Gg, Re^Gvs, Re^Gvs, Re^Gvs, Re^Gvs, Re^Gvs, Re^Gvs, Re^Gvs, Gg, Re^Gvs, Re^Gvs, Re^Gvs, Re^Gvs, Re^Gvs, Re^Gvs, Re^Gvs, Gg, Gg, Gg, Re^Gvs, Re^Gvs, Re^Gvs, Re^Gvs, Re^Gvs, Re^Gvs, Gll^Fms, Gll^Fms, Re^Gvs, Re^Gvs, Re^Gvs, Re^Gvs, Re^Gvs, Re^Gvs, Re^Gvs, Gg, Gg, Gg, Re^Vct, Re^Vct, Re^Gvs, Re^Gvs, Re^Gvs, Re^Gvs, Re^Gvs, Gg^Eff, Gg, Re
Gll^Fms, Gs, Gg, Gg, Gg, Gs, Gs, Re^Gvs, Re^Gvs, Re^Gvs, Re^Gvs, Re^Gvs, Re^Gvs, Re^Gvs, Gg, Gs^Eff, Gs, Re^Gvs, Re^Gvs, Re^Gvs, Re^Gvs, Re^Gvs, Gs^Fds, Gg, Re^Gvs, Re^Gvs, Re^Gvs, Re^Gvs, Re^Gvs, Re^Gvs, Re^Gvs, Re^Gvs, Gs, Re^Gvs, Re^Gvs, Re^Gvs, Re^Gvs, Re^Gvs, Re^Gvs, Re^Gvs, Re^Gvs, Gs^Fds, Re^Gvs, Re^Gvs, Re^Gvs, Re^Gvs, Re^Gvs, Re^Gvs, Re^Gvs, Re^Gvs, Re^Gvs, Gg^Edt, Gg^Edt, Re^Gvs, Re^Gvs, Re^Gvs, Re^Gvs, Re^Gvs, Re^Gvs, Gs, Gs^Fms, Gg
Gll^Fms, Gs^Fms, Gll^Fds, Gg, Gs, Gs, Re^Gvs, Gg^Eff, Gg^Eff, Re^Gvs, Gg, Re^Gvs, Re^Gvs, Re^Gvs, Gg, Gg, Re^Gvs, Gs^Edt, Re^Gvs, Gd^Vhr, Gs^Edt, Gg^Edt, Gg, Gg, Gg^Eff, Re^Gvs, Re^Gvs, Re^Gvs, Re^Gvs, Re^Gvs, Re^Gvs, Gs, Gg^Eff, Re^Gvs, Re^Gvs, Re^Gvs, Re^Gvs, Re^Gvs, Re^Gvs, Re^Gvs, Gg, Gg^Wm, Re^Gvs, Re^Gvs, Re^Gvs, Re^Gvs, Re^Gvs, Re^Gvs, Re^Gvs, Re^Gvs, Re^Gvs, Gg, Re^Gvs, Re^Gvs, Re^Gvs, Re^Gvs, Re^Gvs, Re^Gvs, Gs, Gs, Gs^Fds, Gs^Fds
Gg, Gs^Fds, Re^Gvs, Re^Gvs, Re^Gvs, Re^Gvs, Re^Gvs, Re^Gvs, Re^Gvs, Gg^Eff, Re^Gvs, Gg, Gs^Eff, Gg, Gg, Gg, Re^Gvs, Re^Gvs, Re^Gvs, Re^Gvs, Re^Gvs, Re^Gvs, Re^Gvs, Re^Gvs, Re^Gvs, Gs^Eff, Gs, Re^Gvs, Gs^Edt, Gd^Vhr, Gg^Edt, Gg, Gg, Gs^Eff, Gs^Eff, Re^Gvs, Gs^Fds, Re^Gvs, Gg, Gg, Gg^Eff, Gs, Gg, Re^Gvs, Re^Gvs, Re^Gvs, Re^Gvs, Re^Gvs, Re^Gvs, Re^Gvs, Gs, Gs, Re^Gvs, Re^Gvs, Re^Gvs, Re^Gvs, Re^Gvs, Re^Gvs, Gg, Gg, Gg, Gs^Fds
Gs, Gs^Fds, Re^Gvs, Re^Gvs, Re^Gvs, Re^Gvs, Re^Gvs, Re^Gvs, Re^Gvs, Re^Gvs, Re^Gvs, Re^Gvs, Re^Gvs, Gs^Eff, Re^Gvs, Gs^Fms, Gs^Fds, Re^Gvs, Re^Gvs, Re^Gvs, Re^Gvs, Re^Gvs, Re^Gvs, Re^Gvs, Re^Gvs, Gg, Gg^Eff, Gg^Eff, Re^Gvs, Gg^Edt, Re^Gvs, Gg, Gg, Gg, Gg, Gg, Gg, Gg, Gs^Eff, Gg^Eff, Re^Gvs, Gs^Eff, Gs^Eff, Re^Gvs, Re^Gvs, Re^Gvs, Re^Gvs, Re^Gvs, Re^Gvs, Re^Gvs, Gg^Fms, Gg, Re^Gvs, Re^Gvs, Gs, Re^Gvs, Gg^Eff, Gg^Eff, Re^Gvs, Re^Gvs, Re^Gvs, Gg
Gs, Gg, Gs^Eff, Re^Gvs, Re^Gvs, Re^Gvs, Re^Gvs, Re^Gvs, Re^Gvs, Re^Gvs, Re^Gvs, Re^Gvs, Re^Gvs, Re^Gvs, Re^Gvs, Re^Gvs, Gg^Fms, Re^Gvs, Gg, Re^Gvs, Gg, Re^Gvs, Gg, Re^Gvs, Gg^Eff, Gg^Eff, Re^Gvs, Re^Gvs, Re^Gvs, Re^Gvs, Re^Gvs, Gg, Gg, Gg, Gs^Fds, Gg, Re^Gvs, Gs, Re^Gvs, Re^Gvs, Re^Gvs, Re^Gvs, Re^Gvs, Gs^Eff, Gg^Eff, Re^Gvs, Re^Gvs, Re^Gvs, Re^Gvs, Gs^Fds, Gg, Gg, Gs, Gs, Re^Gvs, Gs^Eff, Re^Gvs, Re^Gvs, Re^Gvs, Re^Gvs, Re^Gvs, Re^Gvs
Gs, Gs, Gs, Gs^Eff, Gs^Eff, Re^Gvs, Re^Gvs, Re^Gvs, Re^Gvs, Re^Gvs, Re^Gvs, Re^Gvs, Re^Gvs, Re^Gvs, Re^Gvs, Re^Gvs, Re^Gvs, Gs^Fms, Gg, Gg, Gll^Fms, Gg, Re^Gvs, Gg^Eff, Re^Gvs, Re^Gvs, Re^Gvs, Re^Gvs, Re^Gvs, Re^Gvs, Gg, Gg, Gs, Gs^Fds, Re^Gvs, Re^Gvs, Re^Gvs, Re^Gvs, Re^Gvs, Re^Gvs, Re^Gvs, Re^Gvs, Re^Gvs, Re^Gvs, Re^Gvs, Gg, Gs, Gg, Gg, Gg, Re^Gvs, Re^Gvs, Re^Gvs, Re^Gvs, Re^Gvs, Re^Gvs, Re^Gvs, Re^Gvs, Re^Gvs, Re^Gvs, Re^Gvs, Gg
Gg, Gs, Gs, Gs, Gs, Gs^Eff, Gs, Re^Gvs, Gg, Re^Gvs, Re^Gvs, Re^Gvs, Re^Gvs, Re^Gvs, Re^Gvs, Re^Gvs, Re^Gvs, Re^Gvs, Gg, Gs^Fms, Gll^Fds, Gs^Fds, Re^Gvs, Re^Gvs, Re^Gvs, Re^Gvs, Re^Gvs, Re^Gvs, Gg, Gg, Gg, Gs, Gg, Re^Gvs, Re^Gvs, Re^Gvs, Re^Gvs, Re^Gvs, Gg, Re^Gvs, Gg, Re^Gvs, Re^Gvs, Re^Gvs, Gg, Gs, Gg, Re^Gvs, Re^Gvs, Re^Gvs, Re^Gvs, Re^Gvs, Re^Gvs, Re^Gvs, Re^Gvs, Re^Gvs, Re^Gvs, Re^Gvs, Re^Gvs, Re^Gvs, Gg, Gg
