Hh, Hh, Hh, Hh, Mm, Hh, Mm, Mm, Mm, Hh, Hh, Hh, Wog^Qhu, Wog^_mh, Wog^Qhu, Hh, Hh, Hh, Gll^Fp, Hh, Gll^Fp, Gll^Fp, Gll^Fp, Gll^Fp, Gll^Fp, Mm, Mm, Mm, Mm, Hh, Hh, Hh, Hh, Mm, Hh, Hh, Hh, Hh, Mm
Hh, Hh, Mm, Mm, Mm, Mm, Mm, Mm, Mm, Hh, Hh^Vo, Hh, Mm, Wog^Qhu, Mm, Ww^Qhu, Hh, Hh, Gll^Fp, Gll^Fmw, Gll^Vo, Gll^Fmw, Gll^Fmw, Gll^Fp, Mm, Mm, Mm, Hh, Hh, Mm, Mm, Hh, Hh, Mm, Mm, Hh, Hh, Mm, Mm
Mm, Hh, Hh, Mm, Hh, Hh, Hh, Hh, Hh, Hh, Hh, Hh, Mm, Mm, Ww^Qhu, Ww^Qhu, Mm, Mm, Mm, Gll^Fp, Gd, Gll^Fmw, Mm, Gll^Fp, Mm, Mm, Mm, Hh, Hh, Mm, Mm, Mm, Hh, Mm, Mm, Mm, Wwr, Mm, Mm
Mm, Hh, Hh, Hh, Hh, Hh, Co, Hh, Rd, Hh, Mm, Mm, Mm, Mm, Hh, Ww^Qhu, Ww^Qhu, Mm, Hh, Gll^Fp, Rd, Gll^Fp, Mm, Mm, Mm, Mm, Mm, Hh, Hh, Hh^Vo, Hh, Hh, Mm, Hh, Hh, Hh, Ww, Hh, Hh
Mm, Mm, Hh, Hh, Hh, Co, 2 Ko, Co, Re^Edt, Hh, Hh, Hh, Mm, Hh, Sm^Qhu, Sm^Qhu, Sm^Qhu, Hh, Hh, Rd, Hh, Mm, Mm, Mm, Hh, Hh, Hh, Mm, Hh, Hh, Hh, Mm, Mm, Mm, Hh, Hh, Hh, Wwr, Hh
Mm, Hh, Hh, Re^Vo, Re^Ecf, Co, Co, Co, Re^Edt, Hh, Hh, Mm, Hh, Hh, Re, Sm^Qhu, Re^Edt, Hh, Rd, Rd, Hh, Hh, Mm, Hh, Hh, Hh, Hh, Hh, Hh, Hh, Hh, Hh, Hh, Mm, Hh, Hh, Hh, Ww, Ww
Mm, Mm, Mm, Re, Re^Vo, Rd, Rd, Rd^Edt, Rd^Edt, Re^Vo, Hh, Mm, Hh, Rd, Re, Co, Re^Edt, Rd^Vo, Rd, Hh, Hh, Hh, Hh, Hh, Rd^Edt, Rd, Rd, Re^Vo, Re^Edt, Hh, Hh, Mm, Mm, Hh, Hh, Hh, Hh, Hh, Ww^Qhu
Mm, Mm, Hh, Hh, Hh, Hh, Hh, Hh, Hh, Rd^Edt, Hh, Hh, Hh, Gd, Sm^Qhu, Sm^Qhu, Sm^Qhu, Rd, Hh, Hh, Hh^Qhh, Hh, Hh^Qhh, Rd^Edt, Co, Co, Co, Re^Ecf, Re^Vo, Hh, Mm, Mm, Mm, Wwr, Hh, Hh^Vo, Hh, Ww^Qhu, Ww^Qhu
Mm, Mm, Mm, Hh^Fp, Hh^Fp, Hh, Hh, Hh^Fp, Hh, Rd, Gd^Edt, Hh, Hh, Gd, Gd, Sm^Qhu, Hh, Hh, Hh, Hh^Qhh, Rd^Edt, Hh^Qhh, Re^Vo, Re, Co, 1 Ko, Co, Rd, Hh^Edt, Hh, Hh, Mm, Hh, Ww, Ww, Hh, Ww^Qhu, Ww^Qhu, Wo^Qhu
Mm, Hh^Fp, Mm, Hh^Fp, Hh, Hh, Re^Vo, Hh, Hh^Qhh, Hh, Hh, Gd^Edt, Gd, Rd, Rd, Rd^Edt, Rd, Hh, Hh, Hh^Qhh, Rd^Edt, Rd^Edt, Hh, Re, Rd, Co, Rd^Edt, Rd^Edt, Rd, Hh, Hh, Mm, Hh, Hh, Sm^Qhu, Ww^Qhu, Ww^Qhu, Ww^Qhu, Wo^Qhu
Mm, Hh^Fp, Hh^Fp, Hh, Rd, Rd, Rd, Hh^Qhh, Rd, Hh^Qhh, Rd, Gd, Gd, Hh, Hh, Hh^Qhh, Rd, Hh, Hh, Hh^Qhh, Rd, Hh, Hh, Hh, Hh, Rd, Hh, Hh, Hh, Rd^Edt, Hh, Hh, Hh, Ss^Qhu, Sm^Qhu, Ww^Qhu, Ww^Qhu, Wo^Qhu, Wo^Qhu
Hh, Hh^Fp, Hh^Fp, Hh, Rd, Hh, Hh, Rd^Edt, Hh, Rd, Rd, Hh^Vo, Hh^Edt, Hh, Hh, Hh^Qhh, Hh^Qhh, Rd, Rd, Rd, Hh^Qhh, Rd, Hh, Hh, Hh, Hh, Hh, Hh, Hh, Rd, Rd, Hh, Hh, Ss^Qhu, Ss^Qhu, Sm^Qhu, Ww^Qhu, Wo^Qhu, Ww^Qhu
Hh^Qhh, Hh^Qhh, Hh^Qhh, Hh, Hh, Hh, Hh, Rd, Hh, Hh, Hh, Hh^Edt, Gd, Hh, Hh, Hh, Rd, Rd, Gd^Edt, Gd, Hh^Qhh, Hh, Hh, Hh, Hh, Hh, Hh, Hh^Vo, Hh, Hh, Hh, Rd, Hh^Vo, Hh, Hh, Ww^Qhu, Ww^Qhu, Wo^Qhu, Ww^Qhu
Hh^Qhh, Hh^Qhh, Gs, Hh^Qhh, Hh, Hh, Gd, Gd, Hh, Hh^Fp, Hh, Gd, Hh, Gd, Hh, Hh, Rd, Re^Vo, Rd^Edt, Hh^Qhh, Hh, Hh, Hhd^Vo, Hh, Hh, Hh, Wwg^Qhu, Hh, Wwg^Qhu, Hh, Hh, Rd, Rd, Hh, Hh, Hh, Wwr^Qhu, Wo^Qhu, Ww^Qhu
Gg, Gs, Gs, Hh^Qhh, Hh^Qhh, Hh^Qhh, Gs, Hh^Qhh, Hh^Fp, Hh^Fp, Hhd^Vo, Gd, Hh, Hh, Hh, Hh, Rd, Rd^Edt, Hh, Rd, Rd, Hh, Hh, Hh, Wog^Qhu, Wwg^Qhu, Wwg^Qhu, Wwg^Qhu, Hh, Wwg^Qhu, Wwg^Qhu, Co, Rd, Co, Sm^Qhu, Hh, Ww^Qhu, Wo^Qhu, Ww^Qhu
Gg, Gs, Gg, Hh^Qhh, Gs, Gs, Hh^Qhh, Hh^Qhh, Hh^Qhh, Hh, Hh, Hh, Hh, Co, Hh, Rd, Gd, Hh, Hh, Hh, Rd, Gll^Fp, Gll^Fmw, Hh^Fp, Wog^Qhu, Wog^Qhu, Wwg^Qhu, Hh, Hh, Hh, Wwg^Qhu, Wwrg^Qhu, Rd, Sm^Qhu, Sm^Qhu, Sm^Qhu, Ww^Qhu, Wo^Qhu, Ww^Qhu
Gg, Gg, Gg, Gg, Gg, Gs, Hh^Qhh, Hh^Qhh, Gs, Hh^Qhh, Hh^Qhh, Hh^Qhh, Rd, Co, Rd^Edt, Rd, Hh, Gd, Hh, Hh, Gll^Fp, Gll^Fp, Hh^Fp, Hh^Fp, Hh^Fp, Wwg^Qhu, Hh, Hh, Hh, Hh, Sm^Qhu, Re, Hh^Vo, Hh, Hh, Ww^Qhu, Ww^Qhu, Wo^Qhu, Ww^Qhu
Gg, Gg, Gs^Eff, Gg, Gg, Gg, Gg, Gs, Hh^Qhh, Hh^Qhh, Rd, Rd, Hh^Qhh, Rd, Co, Hh, Hh, Gd, Hh, Hh, Gll^Fp, Hh^Fmw, Hh, Hh, Gll^Fp, Gll^Fp, Hh^Fp, Hh, Re^Vo, Re, Sm^Qhu, Sm^Qhu, Hh, Hh, Hh, Wwr^Qhu, Wo^Qhu, Wo^Qhu, Gs
Gs, Gs^Eff, Re^Gvs, Gs^Eff, Gg, Gg, Gg, Gs, Gs, Hh^Qhh, Re, Hh^Qhh, Hh^Qhh, Hh^Qhh, Hh^Qhh, Co, Hh, Hh, Hhd^Vo, Hh, Hh, Hh^Fp, Gll^Fp, Gd, Gd, Gll^Fmw, Gll^Fp, Hh, Rd^Edt, Re^Edt, Re, Sm^Qhu, Wwrg^Qhu, Hh, Hh, Ww^Qhu, Wo^Qhu, Ww^Qhu, Gs
Gs, Re^Gvs, Re^Gvs, Re^Gvs, Rb^Gvs, Re^Gvs, Gg, Gg, Gg, Re, Gg, Gs, Gs, Gs, Hh^Qhh, Hh, Hh^Fp, Hh, Hh^Qhh, Hh, Hh^Qhh, Hh^Fp, Gll^Fp, Gll^Fmw, Rd, Gll^Fp, Rd, Hh, Re^Vo, Rd^Edt, Wwrg^Qhu, Wwg^Qhu, Wwg^Qhu, Hh, Ww^Qhu, Ww^Qhu, Wo^Qhu, Ww^Qhu, Gs
Re^Gvs, Re^Gvs, Rb^Gvs, Rb^Gvs, Re^Gvs, Gd^Vhr, Gg, Gg, Re, Re, Gg, Gs, Gs, Gs, Gs^Fp, Hh^Qhh, Gs^Fp, Hh^Qhh, Gs^Fp, Hh^Qhh, Rd, Rd, Rd, Rd, Hh, Rd, Hh, Re^Ecf, Re, Rd, Co, Sm^Qhu, Wwrg^Qhu, Wwg^Qhu, Ww^Qhu, Wo^Qhu, Ww^Qhu, Ww^Qhu, Gs
Gs^Eff, Re^Gvs, Re^Gvs, Rb^Gvs, Rb^Gvs, Rb^Gvs, Gg, Gg, Re, Gg, Re^Gvs, Re^Gvs, Re^Gvs, Re^Gvs, Gll^Fms, Gs^Fp, Gs^Fms, Gs^Fp, Gs^Fp, Rd, Hh^Qhh, Hh^Qhh, Hh^Qhh, Hh, Hh^Fp, Hh, Rd, Re^Vo, Rd^Edt, Co, 3 Ko, Co, Re, Ww^Qhu, Ww^Qhu, Wo^Qhu, Ww^Qhu, Ww^Qhu, Gs
Gg, Gs^Eff, Gs^Eff, Re^Gvs, Gg^Edb, Gg, Re, Re^Edb, Gg, Gg, Gg, Re^Gvs, Gs^Eff, Gll^Fp, Gll^Fms, Gll^Fms, Re^Gvs, Gll^Fp, Rd, Rd, Hh^Qhh, Hh^Qhh, Hh^Qhh, Hh^Fp, Gs^Fms, Hh^Fp, Hh, Rd, Rd^Edt, Co, Co, Co, Re, Ww^Qhu, Wo^Qhu, Wo^Qhu, Ww^Qhu, Gs, Gll^Fp
Gg, Gg, Gg, Gs, Gg, Gg, Re, Re, Gg, Gg, Gs^Eff, Gs^Eff, Rb^Gvs, Gs^Eff, Gg, Re^Gvs, Re^Gvs, Gll^Fms, Re, Gs^Fp, Gs^Fms, Gs^Fp, Gs^Fds, Gll^Fms, Gll^Fp, Gs^Fp, Gll^Fp, Gll^Fp, Rb^Vo, Rd^Edt, Rd^Edt, Re^Edt, Ww^Qhu, Ww^Qhu, Wo^Qhu, Ww^Qhu, Gs, Gs, Gll^Fp
Gg, Gg, Gg, Gg, Rp^Es, Rp, Rp, Gg, Gg, Re, Rb^Gvs, Rb^Gvs, Rb^Gvs, Re^Gvs, Gg, Gg, Re, Re, Gg, Gll^Fp, Gll^Fp, Gll^Fms, Gll^Fms, Gs^Fds, Gll^Fp, Gll^Fp, Gll^Fp, Gll^Fp, Hh^Fp, Rd^Edt, Re, Re, Ww^Qhu, Wo^Qhu, Ww^Qhu, Ww^Qhu, Gs, Gll^Fms, Gll^Fp
Gg, Gg, Gg, Gg, Rp, 4 Chr, Rp^Es, Gg, Gg, Re^Gvs, Re^Gvs, Gd^Vhr, Re^Gvs, Re^Gvs, Re, Re^Edb, Re^Edb, Gg, Rb^Gvs, Re^Gvs, Re^Gvs, Re^Gvs, Gg^Eff, Gll^Fms, Gll^Fms, Gll^Fp, Hh^Fp, Hh^Fp, Hh^Fp, Hh^Fp, Ww^Qhu, Ww^Qhu, Wo^Qhu, Wo^Qhu, Ww^Qhu, Gs, Gll^Fms, Gll^Fp, Gll^Fp
Gg, Gg, Gg, Gg, Re, Rp^Es, Gg, Gg, Gg, Re^Gvs, Gg, Re^Gvs, Gs^Eff, Gs^Eff, Gg, Gg, Re, Rb^Gvs, Re^Gvs, Rb^Gvs, Gd^Vhr, Re^Gvs, Re^Gvs, Gg^Eff, Gg^Eff, Gll^Fp, Gll^Fms, Hh^Fp, Hh^Fp, Hh^Fp, Ww^Qhu, Ww^Qhu, Wo^Qhu, Ww^Qhu, Gs, Gll^Fp, Gll^Fms, Gll^Fms, Gll^Fp
Gg, Gg, Re, Re, Gg, Gg, Re^Gvs, Gg, Gg, Gg^Edb, Gg, Gs, Rb^Gvs, Re^Gvs, Gg, Gg, Gg, Re^Gvs, Gg, Gg, Re^Gvs, Rb^Gvs, Gg^Eff, Gg^Eff, Gll^Fp, Gll^Fms, Gll^Fp, Gll^Fp, Ww^Qhu, Ww^Qhu, Wo^Qhu, Wo^Qhu, Ww^Qhu, Gll^Fp, Gll^Fp, Gll^Fp, Gll^Fp, Gll^Fp, Gll^Fp
Re, Re, Gg, Gg, Gg, Re^Gvs, Re, Gg, Gg, Gg, Gg, Re^Gvs, Re^Gvs, Re^Gvs, Gg, Gg, Gg, Gg, Gg, Gg, Re, Gg, Gg, Gg, Gg^Fms, Gll^Fms, Gg, Ww^Qhu, Ww^Qhu, Wo^Qhu, Ww^Qhu, Ww^Qhu, Gll^Fp, Gll^Fp, Gll^Fp, Gll^Fms, Gll^Fp, Gll^Fp, Gll^Fp
