Uu, Uu, Uu, Uh, Sm^Qhux, Sm^Qhux, Sm^Qhux, Sm^Qhux, Sm^Qhux, Uu^Qhux, Xu, Xu, Xu, Xu, Xu, Xu, Xu, Xu, Xu, Xu, Xu, Xu, Xu, Xu, Xu, Xu, Xu, Xu, Uu, Rr, Rr
Uh, Uu, Uu, Uh, Uu, Sm^Qhux, Uu^Vu, Sm^Qhux, Sm^Qhux, Sm^Qhux, Xu, Xu, Xu, Xu, Xu, Xu, Xu, Xu, Xu, Xu, Xu, Xu, Xu, Xu, Xu, Xu, Xu, Uu, Chr, Rr, Uu
Uh, Uu, Uu, Uu, Cte^Edt, Uu, Re^Edb, Re^Edb, Re^Edb, Sm^Qhux, Xu, Xu, Uu, Xu, Xu, Xu, Xu, Xu, Xu, Xu, Xu, Xu, Xu, Xu, Xu, Xu, Uu, Chr, 1 Khr, Uu, Xu
Xu, Uh, Re^Edb, Cte^Edt, 4 Kte, Cte^Edt, Cte^Edt, Cte^Edt, Cte^Edb, Re^Edb, Sm^Edt, Xu, Uu, Xu, Uu, Xu, Uu^Vu, Xu, Xu, Xu, Xu, Xu, Xu, Xu, Xu, Uu, Rr, Rr, Chr, Chr, Xu
Xu, Uu^Vu, Re^Edb, Cte^Edb, Cte^Edb, Cte^Edb, Re^Edt, Cte^Edb, Uu, Uu, Uu^Vu, Uu^Edt, Xu, Uu, Xu, Uu^Edt, Xu, Xu, Xu, Xu, Xu, Xu, Xu, Xu, Uu, Uu, Rr^Es, Uu, Xu, Xu, Xu
Xu, Xu, Re^Edb, Cte^Edb, Cte^Edb, Re^Edt, Uu, Re^Edt, Uu, Sm^Qhux, Xu, Xu, Xu, Uu, Uu, Uu^Edt, Xu, Xu, Xu, Xu, Xu, Xu, Xu, Uu, Rr, Uu, Uu, Uu, Xu, Xu, Xu
Xu, Uu^Vu, Uu, Cte^Edb, Cte^Edb, Uu, Sm^Qhux, Uu^Edt, Re, Sm^Qhux, Sm^Qhux, Uu^Vu, Uu, Xu, Uu, Xu, Re^Edt, Xu, Xu, Xu, Xu, Xu, Uu^Tf, Uu^Tf, Uu, Uu, Xu, Xu, Xu, Xu, Xu
Xu, Xu, Uu^Vu, Uu^Edt, Uu^Edt, Uu, Xu, Sm^Qhux, Uu, Uu, Re^Edt, Re^Edt, Re, Uu, Uu, Re^Edt, Uu, Re^Edt, Uu, Xu, Uh, Uu, Rr, Uu^Em, Uu^Tf, Uu, Xu, Xu, Xu, Xu, Xu
Xu, Xu, Xu, Xu, Re^Edt, Xu, Uh, Sm^Qhux, Re^Edt, Uu^Edt, Uu^Vu, Xu, Xu, Uu, Xu, Xu, Uu, Re^Edt, Uu, Xu, Uu, Rr, Uu, Uh, Xu, Xu, Xu, Xu, Xu, Xu, Xu
Xu, Xu, Uh, Xu, Re, Xu, Xu, Re^Edt, Uu, Uh, Xu, Xu, Uue^Qhu, Uue^Qhu, Xu, Xu, Uue^Qhu, Uu, Uu, Uu^Tf, Ce, Rr^Es, Xu, Xu, Uu, Xu, Xu, Xu, Xu, Xu, Xu
Xu, Uh, Xu, Uu^Vu, Uu, Xu, Uu^Edt, Re, Xu, Xu, Uue^Qhu, Re^Qhu, Uue^Qhu, Xu, Uue^Qhu, Re^Qhu, Xu, Xu, Uu^Dr, Ce, Ce, Uu, Re, Uu, Uu, Xu, Xu, Xu, Xu, Xu, Xu
Xu, Xu, Xu, Xu, Uu, Uu, Re^Edt, Uu, Xu, Xu, Uue^Qhu, Xu, Uue^Qhu, Uue^Qhu, Xu, Xu, Uh, Xu, Xu, Rr^Dr, Uu^Dr, Uu, Uu, Re, Uu, Uh, Xu, Xu, Xu, Xu, Xu
Xu, Xu, Uh, Xu, Re^Edt, Re^Edt, Xu, Xu, Uue^Qhu, Uue^Qhu, Xu, Xu, Re^Qhu, Xu, Xu, Xu, Uh, Uu^Dr, Uu^Dr, Xu, Xu, Xu, Re^Qhu, Uue^Qhu, Xu, Re^Edt, Uu, Uu^Vu, Xu, Xu, Xu
Xu, Xu, Xu, Uu, Uu^Edt, Uu, Xu, Uue^Qhu, Xu, Xu, Uue^Qhu, Uue^Qhu, Xu, Uue^Qhu, Uu, Uu^Vct, Uu^Ecf, Rr, Uh, Xu, Uue^Qhu, Uhe^Qhu, Xu, Xu, Xu, Re^Edt, Re^Edt, Xu, Xu, Xu, Xu
Xu, Xu, Xu, Uu, Re^Edt, Xu, Uue^Qhu, Re^Qhu, Uue^Qhu, Xu, Re^Qhu, Xu, Uu, Uu, Uu, Rr, Uu^Vct, Uu^Vct, Xu, Xu, Re^Qhu, Xu, Xu, Xu, Uue^Qhu, Uu, Re^Em, Uu, Xu, Xu, Xu
Xu, Xu, Uh, Xu, Re^Edt, Re, Uue^Qhu, Xu, Xu, Uue^Qhu, Xu, Uue^Qhu, Uu, Ce, 2 Ke, Ce, Uu, Uu, Xu, Xu, Uue^Qhu, Uue^Qhu, Uue^Qhu, Uue^Qhu, Xu, Xu, Uu^Tf, Uh, Xu, Xu, Xu
Xu, Xu, Uh, Uu, Uu, Re, Uue^Qhu, Xu, Uue^Qhu, Uue^Qhu, Xu, Uu, Uu, Ce, Rr, Ce, Uu, Xu, Uue^Qhu, Uue^Qhu, Xu, Xu, Uue^Qhu, Xu, Xu, Xu, Re^Em, Re^Em, Xu, Xu, Xu
Xu, Xu, Uu^Vu, Re, Re, Uu, Uu, Xu, Re^Qhu, Uue^Qhu, Xu, Xu, Uu^Dr, Rr, Uu^Vct, Uu, Xu, Uue^Qhu, Xu, Xu, Uue^Qhu, Re^Qhu, Xu, Xu, Uh, Uh, Uu, Xu, Xu, Xu, Xu
Xu, Xu, Xu, Xu, Re^Edt, Xu, Uu, Xu, Uue^Qhu, Xu, Xu, Uu^Dr, Xu, Rr^Dr, Uu, Uu, Xu, Re^Qhu, Xu, Xu, Uhe^Qhu, Xu, Xu, Xu, Uu, Re^Edt, Xu, Xu, Xu, Xu, Xu
Xu, Xu, Xu, Uh, Uu, Re^Edt, Re^Edt, Uu, Uu^Edt, Xu, Xu, Xu, Uu^Dr, Xu, Xu, Uue^Qhu, Uue^Qhu, Uue^Qhu, Uue^Qhu, Xu, Uue^Qhu, Xu, Xu, Uu^Vu, Uh, Re^Em, Re^Edt, Uu^Vu, Xu, Xu, Xu
Xu, Xu, Xu, Xu, Uu^Vu, Re, Uu, Re^Edt, Uu, Uu^Edt, Uu, Uu, Uu, Uu^Dr, Uu, Xu, Uue^Qhu, Xu, Xu, Re^Qhu, Xu, Xu, Xu, Xu, Re^Em, Uu^Tf, Re^Edt, Uu^Edt, Xu, Xu, Xu
Xu, Xu, Xu, Xu, Xu, Xu, Xu, Uh, Xu, Xoa, Xoa, Rr, Uu, Uu, Re, Xu, Uue^Qhu, Xu, Xu, Uue^Qhu, Xu, Xu, Xu, Uu, Re, Xu, Xu, Uh, Uu, Xu, Xu
Xu, Xu, Xu, Xu, Xu, Xu, Xu, Xu, Xu, Xoa, Uu, Rr^Pr\, Xoa, Xu, Uu, Re^Edt, Re^Edt, Uu, Re, Re, Re, Uh, Re^Edt, Re^Edt, Uu, Xu, Xu, Uh, Re, Xu, Xu
Xu, Xu, Xu, Xu, Xu, Xu, Xu, Xu, Xoa, Xoa, Uu, Rr, Uu, Xoa, Xu, Uu^Edt, Xu, Uu, Xu, Xu, Uu^Vu, Uu, Xu, Uu, Uu^Vu, Xu, Xu, Xu, Re^Edt, Xu, Xu
Xu, Xu, Xu, Xu, Xu, Xu, Xu, Xu, Xoa, Uu, Rr, Rr, Uu, Xoa, Xu, Xu, Uu, Uh, Uu^Tf, Xu, Xu, Xu, Ss^Qhux, Xu, Xu, Xu, Xu, Uu^Edt, Uu, Xu, Xu
Xu, Xu, Xu, Xu, Xu, Xu, Xu, Xu, Xoa, Uu, Rr, Uu, Xoa, Xoa, Xu, Uu^Vu, Xu, Re^Em, Xu, Xu, Xu, Ss^Qhux, Ss^Qhux, Ss^Qhux, Rb^Emf, Xu, Xu, Re^Edt, Xu, Xu, Xu
Xu, Xu, Xu, Xu, Xu, Xu, Xu, Xoa, Uu, Uu, Rr, Uu, Xoa, Xu, Xu, Xu, Xu, Re^Em, Re, Uu^Vu, Xu, Ss^Qhux, Rb^Emf, Tb^Emf, Rb^Emf, Re^Vc, Uu^Edt, Re^Edt, Uu^Vu, Xu, Xu
Xu, Xu, Xu, Xu, Xu, Xu, Xu, Xoa, Uu, Rr, Uu, Uu, Xoa, Xu, Xu, Xu, Xu, Xu, Re^Edt, Uu^Edt, Xu, Xu, Xu, Re^Vc, Re^Em, Re, Uu^Edt, Uu^Edt, Xu, Xu, Xu
Xu, Xu, Xu, Xu, Xu, Xu, Xu, Xoa, Uu, Rr, Uu, Xoa, Xoa, Xu, Xu, Xu, Xu, Xu, Uu^Vu, Uu^Edt, Re^Edt, Re^Edt, Re, Uu, Re^Edb, Re^Edb, Cte, Uu^Edt, Uh, Xu, Xu
Xu, Xu, Xu, Xu, Xu, Xu, Xu, Xoa, Uu, Rr, Rr, Uu, Xoa, Xu, Xu, Xu, Xu, Xu, Xu, Xu, Xu, Uu, Uu^Vu, Uu, Re^Edb, Cte, 3 Kte, Cte, Uh, Xu, Xu
Xu, Xu, Xu, Xu, Xu, Xu, Xu, Xoa, Xoa, Uu, Rr, Uu, Xoa, Xu, Xu, Xu, Xu, Xu, Xu, Xu, Xu, Xu, Uh, Re^Edb, Re^Edb, Cte, Cte, Cte, Uu, Xu, Xu
Xu, Xu, Xu, Xu, Xu, Xu, Xu, Xu, Xoa, Uu, Rr^Ii, Uu, Xoa, Xu, Xu, Xu, Xu, Xu, Xu, Xu, Xu, Xu, Uh, Re^Edb, Uu^Edt, Re^Edb, Re^Edb, Re^Edb, Re^Edb, Uu^Tf, Uu^Tf
Xu, Xu, Xu, Xu, Xu, Xu, Xu, Xu, Xu, Uu^Ii, Rr, Uu^Ii, Xoa, Xu, Xu, Xu, Xu, Xu, Xu, Xu, Xu, Uh, Uh, Uh, Uh, Uu^Edt, Uu, Uu^Tf, Uu^Tf, Uu^Tf, Uu^Tf
