Hh, Hh, Hh, Hh, Hh, Hh, Hh, Hh, Hh, Hh, Hh, Hh, Hh, Gg, Gg, Gg, Gg, Gg, Gg, Ww, Gg, Gg, Gg, Gs^Fds, Gs^Fds, Gs^Fds, Gs^Fms, Gs^Fds, Gs^Fds, Gll^Fp, Gs^Xo, Gs^Fms, Gg^Em, Gg, Gg, Gg, Gs^Fds, Gll^Fp, Gg, Gg
Hh, Hh, Hh, Hh, Hh, Hh^Dr, Hh^Dr, Hh^Vhh, Re, Hh, Gs^Es, Hh, Hh, Gg, Re, Gg, Re, Gg, Ww, Ww, Gg, Gg^Efm, Gg^Efm, Gs^Fds, Gs^Fds, Gs^Fds, Gs^Fms, Gll^Fp, Gs^Xo, Gs^Xo, Gs^Xo, Gg^Em, Gs^Fds, Gg^Edt, Gg, Gg^Em, Gs^Xo, Gs^Fds, Gg^Xo, Gg
Hh, Hh, Hh^Dr, Hh, Hh^Dr, Hh^Dr, Hh^Dr, Re^Edt, Re^Es, Re, Re, Hh, Re, Re, Gg, Re, Ww, Re, Ww^Bw\, Gg, Gg, Gg^Efm, Gg, Gs^Fds, Gs^Fds, Gs^Fds, Gs^Fds, Gs^Fds, Gs^Fds, Gs^Fds, Gs^Fds, Gs^Fds, Gg^Edt, Gg^Edt, Gg^Edt, Gs^Xo, Gg, Gg^Edt, Gg, Gg
Hh, Hh, Hh, Hh, Hh, Hh, Hh, Hh, Gs^Es, Gs^Es, Re, Re, Gg^Es, Gg, Ww, Ww, Ww, Ww, Re, Re, Gs^Fds, Gg, Gs^Fds, Gg, Gg, Gs^Fds, Gg^Em, Gll^Fp, Gs^Fds, Gs^Fds, Gs^Fms, Gs^Fds, Gg, Gg, Gg^Edt, Gg^Edt, Re^Gvs, Re^Gvs, Re^Gvs, Gg
Hh, Hh, Hh, Hh, Hh, Hh, Hh, Hh, Hh^Dr, Hh, Re^Es, Re, Gg, Gg, Wo, Wo, Ww, Gg, Re, Gs^Fds, Re^Gvs, Gs^Fds, Gg, Gg, Gg, Gg, Gg, Gs^Fds, Gg, Gg^Em, Gg^Edt, Gg, Co, Co, Co, Re^Gvs, Re^Gvs, Gd^Vhr, Gs^Fms, Gs^Fds
Ww, Hh, Hh, Ww^Es, Ww^Es, Hh, Hh, Hh^Dr, Hh^Dr, Hh^Vhh, Re^Edt, Re^Es, Ww, Ww, Wo, Ww, Gs^Eff, Gs^Eff, Re^Gvs, Re^Gvs, Re^Gvs, Re^Gvs, Re^Gvs, Gs, Gs, Gg, Gg, Gg, Gs^Eff, Gg, Gg^Edt, Gg^Edt, Co, 1 Ko, Co, Re^Gvs, Gs^Fms, Gll^Fmf, Gll^Fp, Gs^Fds
Gg, Ww, Ww, Ww, Ww^Es, Hh, Hh, Ww^Es, Hh, Hh, Hh, Gs^Fds, Ww, Wo, Ww, Gs, Re^Gvs, Re^Gvs, Re^Gvs, Re^Gvs, Gs^Vh, Re^Gvs, Gs^Fds, Gs, Re^Gvs, Re^Gvs, Re^Gvs, Re^Gvs, Re^Gvs, Gs^Eff, Gg, Gg, Gg, Co, Gg^Edt, Gs^Fds, Gll^Fp, Gs^Fds, Gll^Fp, Gs^Fds
Hh, Hh, Hh, Hh, Ww, Ww, Ww, Ww^Es, Ww, Gs^Fds, Gs^Fds, Gll^Fmf, Ww, Wo, Gll^Fp, Gg, Gs^Eff, Re^Gvs, Re^Gvs, Re^Gvs, Re^Gvs, Gg, Gll^Fp, Gs^Fds, Gg, Gs, Gs, Re^Gvs, Re^Gvs, Re^Gvs, Gg, Gg, Gg, Gg, Gg, Gg^Em, Gs^Fds, Gs^Fds, Gs^Fds, Gll^Fp
Hh, Hh, Hh, Hh, Gg, Ww, Gg, Ww, Ww, Ww, Ww, Ww, Gs^Fds, Ww, Gll^Fp, Gll^Fp, Gs^Edt, Gs^Eff, Gs^Fds, Re^Gvs, Gg^Eff, Gg^Eff, Gg, Gg, Re^Gvs, Gs^Vhr, Gs^Edt, Re^Gvs, Re^Gvs, Re^Gvs, Gs, Gg, Re^Gvs, Gs, Re^Gvs, Gg, Gg, Gg^Em, Gg, Gs^Fds
Gg, Hh, Hh, Hh, Hh, Gg, Gg, Gg, Gg, Hh, Hh, Gll^Fmf, Hh, Gll^Fp, Gs^Fds, Gs^Edt, Gs^Vh, Re^Gvs, Re^Gvs, Gg, Gs, Gs^Wm, Re^Gvs, Re^Gvs, Re^Gvs, Re^Gvs, Re^Gvs, Gs, Gg, Gs^Fds, Gs^Fds, Gs, Re^Gvs, Re^Gvs, Re^Gvs, Re^Gvs, Gs, Gg, Gg, Gg
Gg, Gg, Gg, Gg, Gg, Gg, Gg^Eff, Gg, Gg^Eff, Gg, Hh, Hh, Gg, Hh, Gs^Fds, Re^Gvs, Re^Gvs, Re^Gvs, Re^Gvs, Re^Gvs, Gs, Gs, Gs, Re^Gvs, Re^Gvs, Re^Gvs, Gg^Eff, Gg^Eff, Re^Gvs, Re^Gvs, Re^Gvs, Gg^Eff, Gs^Eff, Re^Gvs, Re^Gvs, Re^Gvs, Gs, Gg, Gg, Gg
Gg, Gg, Gg, Gg, Gg^Eff, Gg^Eff, Re^Gvs, Re^Gvs, Re^Gvs, Gg^Eff, Gg^Eff, Gg, Gg^Eff, Gg, Gs^Edt, Re^Gvs, Re^Gvs, Re^Gvs, Gs, Gs, Ch, Re, Ce, Gs^Fds, Gll^Fmf, Gg, Re^Gvs, Re^Gvs, Re^Gvs, Re^Gvs, Re^Gvs, Re^Gvs, Re^Gvs, Gs, Gs^Fds, Gll^Fmf, Gg, Gg, Gg, Gg
Gg, Gg, Gg^Eff, Gg^Eff, Re^Gvs, Re^Gvs, Re^Gvs, Re^Gvs, Re^Gvs, Re^Gvs, Gs^Edt, Gg, Re^Gvs, Gs^Eff, Gs^Eff, Gs, Gs, Gs, Ch, Ch, Rp, Re, Re^Vh, Ce, Ce, Gs, Gs, Re^Gvs, Re^Gvs, Re^Gvs, Gs^Vhr, Re^Gvs, Gg, Gg, Re^Gvs, Re^Gvs, Re^Gvs, Gg^Eff, Gg^Eff, Gg
Gg, Gg, Gg, Gg^Eff, Gg^Eff, Re^Gvs, Re^Gvs, Gs^Vh, Gs, Gs^Edt, Re^Gvs, Re^Gvs, Re^Gvs, Re^Gvs, Re^Gvs, Gg, Ce, Re, Re, Rp, Rp, Re, Re, Re^Edt, Re, Re, Ch, Gs, Gs, Gs, Gs^Edt, Gg^Edt, Re^Gvs, Re^Gvs, Re^Gvs, Re^Gvs, Re^Gvs, Re^Gvs, Gg^Eff, Gg^Eff
Gg, Gg, Gg, Gg, Gg, Gg^Eff, Gg, Re^Gvs, Gg, Re^Gvs, Re^Gvs, Re^Gvs, Gs^Vh, Re^Gvs, Gg, Gg, Ch^Es, Re^Vh, Re^Es, Re^Ebn, Rp, Rp, Rp, Re^Vhc, Rp, Kh, Ch^Es, Gs, Gg, Gg, Gs^Fds, Gg^Em, Gg^Em, Re^Gvs, Re^Gvs, Re^Gvs, Gs^Eff, Gs^Vc, Gg, Gg
Gg, Gg, Gg, Gg, Gg, Gg, Gg, Gg, Gg, Gg^Eff, Gg^Eff, Re^Gvs, Gs, Gs, Gs, Gs, Ce, Re^Vh, Re^Edt, Rp, Ce, Ch, Ch, Rp, Rp, Ch^Es, Re, Gg, Gg, Gs^Fds, Gll^Fp, Gs^Fds, Gs^Fms, Gg, Gg, Gs^Eff, Gg, Gg^Edt, Gg, Gg
Gg, Gg, Re, Gg, Co, Gg, Gg, Gg, Gll^Fp, Gs^Fds, Gs^Fds, Gs, Re^Gvs, Gs^Wm, Re^Gvs, Gg, Re^Es, Re^Edt, Re^Edt, Rp, Ch, 4 Ket, Ce, Rp, Re^Ebn, Re, Re, Re, Re, Re, Re, Re, Re, Gg, Re, Gg, Gg, Gg, Gg, Gg
Gg, Gg, Rb^Vct, Co, 3 Ko, Co, Re, Gg, Re^Gvs, Gs^Fms, Gg, Gg^Edt, Re^Gvs, Re^Gvs, Re^Gvs, Gg, Ce, Re, Re^Vh, Rp, Rp, Ch, Rp, Rp, Re, Ce, Ce, Gg, Gll^Fp, Gg, Re^Gvs, Re^Gvs, Re^Gvs, Re, Gs^Fds, Re, Re, Re, Re, Re
Gg, Re^Vct, Rb, Co, Co, Co, Re, Re, Re^Gvs, Re^Gvs, Gs^Vh, Gg^Edt, Gs^Edt, Re^Gvs, Gs, Gg, Ce, Re, Rp, Rp, Re^Ebn, Rp, Re^Wm, Re^Vhc, Re, Ce, Re^Em, Gs^Fds, Gs^Fds, Re^Gvs, Re^Gvs, Re^Gvs, Re^Gvs, Gs^Fds, Gll^Fmf, Gg^Em, Gg, Gg, Gg, Gg
Gg, Re, Re^Vct, Rb^Ecf, Re, Co, Re, Re, Re^Gvs, Re^Gvs, Re^Gvs, Re^Gvs, Re^Gvs, Gs, Gg, Gg, Gg, Ch, Rp, Rp, Re, Re^Vc, Re^Edt, Re^Vc, Ce, Re, Gs^Fds, Gs^Fds, Gs^Fds, Re^Gvs, Re^Gvs, Gs^Vc, Gs, Re^Gvs, Gg, Gg, Gg^Eff, Gg, Gg, Gg
Gg, Gg, Gg, Re^Vct, Gg, Re, Gg, Gs^Fds, Gs^Fds, Re^Gvs, Gs, Re^Gvs, Gs, Gs^Fds, Gs^Fds, Gg, Gg, Re, Gg, Ch, Ce, Re^Es, Ce, Ce, Gg^Edt, Gg^Edt, Gg^Edt, Gs^Fds, Re^Gvs, Gs^Em, Gs^Wm, Re^Gvs, Gs^Edt, Gs, Re^Gvs, Re^Gvs, Re^Gvs, Gg^Eff, Gg, Gg
Gg, Gg, Re^Gvs, Re^Gvs, Re^Gvs, Gg, Gg, Gs^Fds, Gg^Eff, Gg^Eff, Re^Gvs, Gs, Re^Gvs, Gs^Fds, Gg, Gg, Re, Re, Gg, Gg, Gs^Fds, Re, Gg, Gg, Gs^Edt, Gs^Edt, Re^Gvs, Re^Gvs, Re^Gvs, Re^Gvs, Re^Gvs, Gs^Edt, Re^Gvs, Re^Gvs, Re^Gvs, Re^Gvs, Re^Gvs, Re^Gvs, Gg, Gg
Gg, Re^Gvs, Re^Gvs, Re^Gvs, Re^Gvs, Gg, Gg, Gg, Re^Gvs, Re^Gvs, Re^Gvs, Re^Gvs, Re^Gvs, Re^Gvs, Gg, Re, Gs^Edt, Gg, Gs^Fds, Gs^Fms, Gll^Fp, Gll^Fmf, Gs^Fms, Gg, Gg^Eff, Re^Gvs, Re^Gvs, Re^Gvs, Gs^Vh, Re^Gvs, Gs^Edt, Gg^Eff, Gg^Eff, Re^Gvs, Re^Gvs, Re^Gvs, Gs^Vhr, Gg, Gg, Gg
Gg, Gg, Gg, Re^Gvs, Gg, Gg, Gg, Gg, Re^Gvs, Re^Gvs, Gs^Vhr, Re^Gvs, Gs^Edt, Gs, Re, Re, Gs^Edt, Gg^Edt, Gs^Edt, Gs, Gs^Em, Gs^Fds, Re^Gvs, Re^Gvs, Re^Gvs, Gs^Eff, Gs, Re^Gvs, Gg, Gs^Edt, Gg^Em, Gs^Fds, Gs^Fds, Gg, Gs, Gs, Gs, Gs, Gg, Gg
Gg, Gg, Gg, Gg, Gg, Gg, Gg, Gg, Re^Gvs, Re^Gvs, Re^Gvs, Gs^Edt, Gs, Re, Gg, Gg, Gs, Gs^Vh, Re^Gvs, Gs, Re^Gvs, Gs^Fds, Gg, Re^Gvs, Re^Gvs, Re^Gvs, Re^Gvs, Gg, Gg, Gg, Gg, Gll^Fmf, Gg, Gg, Gg, Gs, Gg, Gg, Gg, Gg
Gg, Gg, Gg, Re^Gvs, Re^Gvs, Re^Gvs, Re^Gvs, Gg, Gg, Re^Gvs, Gg, Gs, Re, Re, Gg, Gg, Gg^Eff, Re^Gvs, Re^Gvs, Re^Gvs, Re^Gvs, Re^Gvs, Gg^Edt, Re^Gvs, Gs^Vhr, Re^Gvs, Re^Gvs, Re^Gvs, Gg, Gg, Gg, Gg, Gg, Gg, Gg, Gg, Gg^Em, Gg^Em, Gs^Fms, Gs^Fms
Gg, Gg, Gg, Re^Gvs, Re^Gvs, Re^Gvs, Re^Gvs, Gg, Gg, Gg, Gg, Re, Gg, Gg, Gg, Gg, Gg, Gg^Eff, Gg, Re^Gvs, Gg, Gg, Gg, Re^Gvs, Gs, Gs, Gg, Gg, Gg, Re, Re, Re, Re, Gg, Gs^Fds, Gs^Fds, Gll^Fp, Gs^Fds, Gs^Fds, Gs^Fds
Gg, Gg, Gg, Gg, Gg, Gg, Gg, Gg, Gg, Gg, Re, Re, Gg, Gg, Gg, Gg, Gg, Gg, Gg, Gg, Gg, Gg, Hh, Gg, Hhd, Gg, Gg, Gg, Re, Re, Co, Co, Co, Gg, Gs^Fds, Gs^Fds, Gs^Fds, Gs^Fms, Gs^Fds, Gs^Fds
Gg, Gg, Gg, Gg, Gg, Gg, Gg, Gg, Gg, Gg, Re, Gg, Gs, Gs, Gs, Gg, Hh, Gg, Hh, Gg^Es, Gs^Es, Gs, Hh, Hh, Gs^Es, Hhd, Gg, Gg, Re, Co, Co, 2 Ko, Co, Gs^Fds, Gs^Fds, Gll^Fmf, Gs^Fds, Gll^Fp, Gs^Fds, Gs^Fds
Gg, Gg, Gs, Gs, Gg, Gg, Gg, Gg, Gs^Vc, Re, Gg, Gg, Gg, Hh, Hh, Hh, Hh, Hh, Hhd, Hh, Gg, Gs, Gg, Gg^Es, Gg^Es, Gg, Gg, Gs^Fms, Gs^Fds, Re^Vct, Rb^Vct, Co, Rb, Rb, Gs^Fds, Gs^Fds, Gs^Fds, Gs^Fds, Gs^Fds, Gll^Fp
Gg, Gs, Hh, Gs^Es, Gs^Es, Gs, Gs, Gs, Re, Re, Gg, Gg, Gg, Gg, Gg^Es, Gg^Es, Gs^Es, Gs, Gg, Gg^Es, Gg^Es, Gg, Gg, Gg, Hh, Gg, Gll^Fp, Gs^Fds, Gs^Fds, Re, Re, Rb^Ecf, Re^Vct, Re^Vct, Re, Gg^Em, Gg^Em, Gs^Fds, Gg, Gg
Hh, Hh, Hh, Gs^Es, Hh, Hh, Gg, Re, Gg, Gg, Gs, Gs, Gs, Gs, Gs, Gg, Hh, Gg, Hh, Gg, Hh, Hhd, Hh, Hh, Gg, Gg, Gg, Gg, Gg, Gg, Gg, Re, Gg, Re, Gg, Gg, Gg, Gg, Gg, Gg
Hh, Hh, Hh, Hh, Hh, Gg, Re, Re, Gg, Gs, Gg, Hh, Gg, Gs, Gg, Hh, Hh, Hh, Gg, Hh, Gg, Hh, Gg, Hh, Gg, Gg, Gg, Gg, Gg, Gg, Gg, Gg, Gg, Re, Re, Gg, Gg, Gg, Gg, Gg
