Xu, Xu, Xu, Xu, Xu, Xu, Xu, Xu, Xu, Xu, Xu, Xu, Xu, Xu, Xu, Xu, Xu, Xu, Xu, Xu, Xu, Xu, Xu, Xu, Xu, Xu, Uu, Uu, Uu, Xu, Xu
Xu, Xu, Xu, Xu, Xu, Xu, Xu, Xu, Xu, Xu, Xu, Xu, Xu, Xu, Xu, Xu, Xu, Xu, Xu, Xu, Xu, Xu, Xu, Xu, Xu, Uu, Co, Co, Co, Xu, Xu
Xu, Xu, Xu, Xu, Xu, Xu, Xu, Xu, Xu, Xu, Xu, Xu, Xu, Xu, Xu, Xu, Xu, Xu, Xu, Xu, Xu, Xu, Xu, Xu, Uu, Uu, Co, 1 Ko, Co, Xu, Xu
Xu, Xu, Xu, Xu, Xu, Xu, Xu, Xu, Xu, Uu, Uue, Uue^Edb, Uue^Edb, Xu, Xu, Uu, Uue, Xu, Uue^Edb, Xu, Uu, Xu, Xu, Uu, Ur, Rr, Rb, Co, Xu, Xu, Xu
Xu, Xu, Xu, Uu, Uue^Edb, Rb, Uue^Edb, Xu, Uue^Edb, Uue, Uu^Vu, Xu, Xu, Rb^Es, Rb, Uue, Uu^Vu, Rb^Edb, Xu, Rb, Rb^Dr, Xu, Uu, Uu, Rr, Uue^Edb, Xu, Xu, Xu, Xu, Xu
Xu, Xu, Xu, Uue, Xu, Uu^Edb, Xu, Uue^Edb, Uue^Edb, Xu, Xu, Xu, Xu, Rb, Xu, Xu, Xu, Xu, Xom, Xom, Uu, Uu^Vu, Ur, Ur, Rb^Edb, Uue^Edb, Xu, Xu, Xu, Xu, Xu
Rb, Xu, Xu, Uu, Xu, Xu, Uu, Xu, Rb^Edb, Xu, Uue, Uu, Uu^Vu, Uue, Rb^Edb, Uu, Rb^Edb, Xom, Uu, Uu^Ii, Rr^Ii, Rr, Uue, Rb^Edb, Uue^Dr, Xu, Xu, Xu, Xu, Xu, Xu
Xu, Rb, Rb, Rb, Cte, Cte, Cte, Xu, Uu, Rb, Xu, Rb, Uu, Rb^Edb, Rb^Es, Rb^Es, Uu, Uue^Dr, Uu, Ur, Uue, Rb, Xom, Xu, Uue, Xu, Xu, Xu, Xu, Xu, Xu
Xu, Xu, Rb, Cte, Cte, Cte, Cte, Cte, Xu, Xu, Uu^Edb, Xu, Xu, Xu, Rb^Es, Xu, Xom, Xom, Kte, Rr, Chr, Xom, Xu, Xu, Uue, Rb, Rb^Es, Xu, Xu, Xu, Xu
Xu, Xu, Xu, Cte, Cte, 2 Kte, Cte, Cte, Rb, Uu^Edb, Rb^Edb, Rb^Edb, Uu^Vu, Rb, Uu, Xu, Uu^Ii, Uu^Ii, Rr, Chr^Eb, Uu, Xu, Uu, Uue, Uu^Vu, Xu, Rb^Es, Xu, Xu, Xu, Xu
Xu, Xu, Xu, Cte, Cte, Cte, Cte, Cte, Uu, Xu, Xu, Xu, Uu, Uue, Uue, Xu, Uu, Rr^Edb, Uu^Edb, Uu, Xu, Uue^Dr, Rb, Uue, Xu, Xu, Uu, Rb^Es, Xu, Xu, Xu
Xu, Xu, Xu, Rb, Xu, Cte, Xu, Xu, Xu, Uue, Rb^Es, Uue, Uue, Xu, Xu, Uue^Dr, Uu^Edb, Rr^Edb, Uu^Vu, Xom, Xu, Xu, Uue, Uu, Xu, Xu, Xu, Uue, Uu, Xu, Xu
Xu, Xu, Xu, Uu, Uu, Uu, Xu, Uu^Es, Uue^Es, Rb^Es, Xu, Xu, Xu, Uue, Uu^Vu, Xom, Uu, Rr, Uu^Ii, Xom, Uue, Uu, Uue^Edb, Rb^Edb, Rb, Xu, Rb, Uue^Edb, Rb^Edb, Xu, Xu
Xu, Xu, Xu, Uue, Xu, Rb, Rb, Rb^Es, Uu^Es, Rb^Es, Rb, Xu, Uu, Uue^Dr, Rb^Es, Xom, Uu^Edb, Rr^Ii, Uu, Rb^Dr, Xu, Rb, Uu^Vu, Uu^Edb, Xu, Uue^Edb, Xu, Uu^Edb, Uue, Uu, Xu
Xu, Xu, Xu, Uue, Uue, Xu, Uue, Uue^Edb, Xu, Xu, Uu^Vu, Xu, Xu, Xu, Uu^Es, Uu^Es, Ur, Rr, Uu, Xom, Xu, Xu, Uu, Xu, Rb, Rb, Rb^Edb, Uu^Vu, Xu, Rb, Xu
Xu, Xu, Xu, Xu, Uue, Rb, Uu^Vu, Uue, Rb, Xu, Rb, Uu, Xom, Xu, Uu^Edb, Ur^Es, Uu^Edb, Uu, Uue^Dr, Xom, Rb, Rb, Uue, Rb, Uu, Xu, Rb^Edb, Xu, Uue, Uue, Xu
Xu, Xu, Xu, Xu, Uue, Xu, Xu, Xu, Rb^Edb, Uue^Edb, Rb, Xu, Xom, Chr, Chr^Eb, Rr, Uu, Xu, Uu, Rb, Uu, Xu, Uue, Xu, Uu^Edb, Xu, Uu, Rb, Uu, Xu, Xu
Xu, Xu, Xu, Xu, Uue, Xu, Xu, Rb, Rb^Edb, Uu^Edb, Xu, Uue, Rb^Dr, Uu, Ur, Kte, Xom, Xom, Xu, Xu, Xu, Xu, Uu^Vu, Rb^Edb, Uu, Xu, Xu, Uu, Xu, Xu, Xu
Xu, Xu, Xu, Xu, Xu, Uue, Xu, Xu, Rb, Xu, Uu^Vu, Xu, Xom, Uu, Rr^Ii, Uu, Xu, Xu, Xu, Uu^Edb, Rb^Edb, Xu, Rb, Rb^Edb, Uu, Xu, Cte, Cte, Cte, Xu, Xu
Xu, Xu, Xu, Xu, Xu, Rb^Es, Rb^Es, Uu, Xu, Uue, Rb, Xom, Uu, Uu^Ii, Rr^Ii, Uu, Uue^Dr, Uue, Rb, Rb^Edb, Xu, Rb^Edb, Uu, Xu, Xu, Cte, Cte, Cte, Cte, Cte, Uu
Xu, Xu, Xu, Xu, Uue, Rb^Edb, Uu^Edb, Rb^Es, Rb^Es, Rb, Uu, Uue^Dr, Uu^Edb, Rr^Edb, Uu^Vu, Uu, Xu, Uu, Xu, Xu, Uu^Es, Xu, Xu, Xu, Xu, Cte, Cte, 3 Kte, Cte, Cte, Rb
Xu, Xu, Xu, Uu^Vu, Uue, Xu, Xu, Rb^Es, Xu, Xu, Xu, Xom, Uu, Rr^Edb, Uu, Xu, Rb^Es, Xu, Uue^Es, Uue^Es, Uue, Rb, Uue, Xu, Uu, Cte, Cte, Cte, Cte, Cte, Uu
Xu, Xu, Xu, Xu, Uue, Xu, Xu, Rb^Edb, Rb, Uu, Xu, Xom, Uu, Rr, Uu, Uu^Dr, Xu, Rb^Es, Uu, Xu, Xu, Uu^Vu, Xu, Rb, Xu, Xu, Rb, Cte, Xu, Rb, Xu
Xu, Xu, Xu, Xu, Xu, Uue, Uue, Rb^Edb, Xu, Uue, Uue^Dr, Uu, Rr^Ii, Ur^Ii, Uu, Xom, Xu, Xu, Xu, Xu, Xu, Xu, Xu, Xu, Rb, Uue, Xu, Uue, Uu, Xu, Xu
Xu, Xu, Xu, Xu, Xu, Uu, Xu, Rb^Edb, Rb, Uu^Vu, Xu, Uu, Ur, Uu, Xu, Xom, Xu, Xu, Xu, Xu, Xu, Xu, Xu, Uu, Rb^Edb, Uu, Xu, Rb, Xu, Xu, Xu
Xu, Xu, Xu, Xu, Xu, Xu, Xu, Rb^Edb, Rb, Xu, Xom, Chr, Kte^Eb, Chr, Xu, Xu, Uu^Vu, Xu, Uue, Uu^Edb, Uue^Edb, Xu, Uue^Edb, Uue^Edb, Xu, Xu, Rb, Uue, Xu, Xu, Xu
Xu, Xu, Xu, Xu, Xu, Xu, Xu, Xu, Uue, Uu, Xom, Uu, Rr, Uue, Rb, Uue^Dr, Uue^Es, Uue^Es, Uu^Edb, Rb^Edb, Xu, Uue^Edb, Xu, Xu, Uu, Xu, Uue, Uu, Xu, Xu, Xu
Xu, Xu, Xu, Xu, Xu, Xu, Xu, Xu, Rb, Rb^Dr, Uu, Uu, Rr, Rb, Xu, Xu, Xu, Xu, Xu, Xu, Xu, Xu, Uu, Xu, Rb, Uue, Xu, Xu, Xu, Xu, Xu
Xu, Xu, Xu, Xu, Xu, Xu, Xu, Uu, Xu, Xom, Uu, Rr, Uue^Ii, Uue, Xom, Xu, Uu^Es, Xu, Rb^Edb, Uu^Vu, Rb^Edb, Uue, Rb, Uue, Uu^Vu, Uu, Xu, Xu, Xu, Xu, Xu
Xu, Xu, Xu, Xu, Xu, Xu, Xu, Xu, Xu, Xu, Uu^Vu, Rr^Ii, Rb, Xom, Uue^Dr, Xu, Rb^Edb, Rb^Edb, Uu, Rb^Edb, Xu, Uu, Xu, Xu, Xu, Xu, Xu, Xu, Xu, Xu, Xu
Xu, Xu, Xu, Xu, Xu, Xu, Xu, Xu, Xom, Xu, Uu, Rr, Rb, Rb, Xu, Uue^Edb, Uu, Xu, Xu, Xu, Xu, Xu, Xu, Xu, Xu, Xu, Xu, Xu, Xu, Xu, Xu
Xu, Xu, Xu, Xu, Xu, Xu, Xu, Xu, Xom, Uu, Rr^Ii, Ur, Rb, Xom, Xu, Xu, Xu, Xu, Xu, Xu, Xu, Xu, Xu, Xu, Xu, Xu, Xu, Xu, Xu, Xu, Xu
Xu, Xu, Xu, Xu, Xu, Xu, Xu, Xu, Xom, Uu^Ii, Rr^Ii, Uu^Ii, Xom, Xom, Xu, Xu, Xu, Xu, Xu, Xu, Xu, Xu, Xu, Xu, Xu, Xu, Xu, Xu, Xu, Xu, Xu
